Archive member included because of file (symbol)

c:/program files (x86)/microchip/xc32/v1.42/bin/bin/../../lib/gcc/pic32mx/4.8.3/../../../../pic32mx/lib\libpic32.a(memcpy.o)
                              build/default/debug/Tennis.o (memcpy)
c:/program files (x86)/microchip/xc32/v1.42/bin/bin/../../lib/gcc/pic32mx/4.8.3/../../../../pic32mx/lib\libpic32.a(memset.o)
                              build/default/debug/Tennis.o (memset)
c:/program files (x86)/microchip/xc32/v1.42/bin/bin/../../lib/gcc/pic32mx/4.8.3/../../../../pic32mx/lib\libpic32.a(default-bootstrap-exception-handler.o)
                              c:/program files (x86)/microchip/xc32/v1.42/bin/bin/../../lib/gcc/pic32mx/4.8.3/../../../../pic32mx/lib/./proc/32MX270F256B/crt0_mips32r2.o (_bootstrap_exception_handler)
c:/program files (x86)/microchip/xc32/v1.42/bin/bin/../../lib/gcc/pic32mx/4.8.3/../../../../pic32mx/lib\libpic32.a(default-on-reset.o)
                              c:/program files (x86)/microchip/xc32/v1.42/bin/bin/../../lib/gcc/pic32mx/4.8.3/../../../../pic32mx/lib/./proc/32MX270F256B/crt0_mips32r2.o (_on_reset)
c:/program files (x86)/microchip/xc32/v1.42/bin/bin/../../lib/gcc/pic32mx/4.8.3/../../../../pic32mx/lib\libpic32.a(default-on-bootstrap.o)
                              c:/program files (x86)/microchip/xc32/v1.42/bin/bin/../../lib/gcc/pic32mx/4.8.3/../../../../pic32mx/lib/./proc/32MX270F256B/crt0_mips32r2.o (_on_bootstrap)
c:/program files (x86)/microchip/xc32/v1.42/bin/bin/../../lib/gcc/pic32mx/4.8.3/../../../../pic32mx/lib\libpic32.a(default-nmi-handler.o)
                              c:/program files (x86)/microchip/xc32/v1.42/bin/bin/../../lib/gcc/pic32mx/4.8.3/../../../../pic32mx/lib/./proc/32MX270F256B/crt0_mips32r2.o (_nmi_handler)
c:/program files (x86)/microchip/xc32/v1.42/bin/bin/../../lib/gcc/pic32mx/4.8.3/../../../../pic32mx/lib\libpic32.a(general-exception.o)
                              c:/program files (x86)/microchip/xc32/v1.42/bin/bin/../../lib/gcc/pic32mx/4.8.3/../../../../pic32mx/lib/./proc/32MX270F256B/crt0_mips32r2.o (_general_exception_context)
c:/program files (x86)/microchip/xc32/v1.42/bin/bin/../../lib/gcc/pic32mx/4.8.3/../../../../pic32mx/lib\libpic32.a(vector0.o)
                              c:/program files (x86)/microchip/xc32/v1.42/bin/bin/../../lib/gcc/pic32mx/4.8.3/../../../../pic32mx/lib/./proc/32MX270F256B\default_isr_vectors.o (__vector_dispatch_0)
c:/program files (x86)/microchip/xc32/v1.42/bin/bin/../../lib/gcc/pic32mx/4.8.3/../../../../pic32mx/lib\libpic32.a(vector1.o)
                              c:/program files (x86)/microchip/xc32/v1.42/bin/bin/../../lib/gcc/pic32mx/4.8.3/../../../../pic32mx/lib/./proc/32MX270F256B\default_isr_vectors.o (__vector_dispatch_1)
c:/program files (x86)/microchip/xc32/v1.42/bin/bin/../../lib/gcc/pic32mx/4.8.3/../../../../pic32mx/lib\libpic32.a(vector2.o)
                              c:/program files (x86)/microchip/xc32/v1.42/bin/bin/../../lib/gcc/pic32mx/4.8.3/../../../../pic32mx/lib/./proc/32MX270F256B\default_isr_vectors.o (__vector_dispatch_2)
c:/program files (x86)/microchip/xc32/v1.42/bin/bin/../../lib/gcc/pic32mx/4.8.3/../../../../pic32mx/lib\libpic32.a(vector4.o)
                              c:/program files (x86)/microchip/xc32/v1.42/bin/bin/../../lib/gcc/pic32mx/4.8.3/../../../../pic32mx/lib/./proc/32MX270F256B\default_isr_vectors.o (__vector_dispatch_4)
c:/program files (x86)/microchip/xc32/v1.42/bin/bin/../../lib/gcc/pic32mx/4.8.3/../../../../pic32mx/lib\libpic32.a(vector5.o)
                              c:/program files (x86)/microchip/xc32/v1.42/bin/bin/../../lib/gcc/pic32mx/4.8.3/../../../../pic32mx/lib/./proc/32MX270F256B\default_isr_vectors.o (__vector_dispatch_5)
c:/program files (x86)/microchip/xc32/v1.42/bin/bin/../../lib/gcc/pic32mx/4.8.3/../../../../pic32mx/lib\libpic32.a(vector6.o)
                              c:/program files (x86)/microchip/xc32/v1.42/bin/bin/../../lib/gcc/pic32mx/4.8.3/../../../../pic32mx/lib/./proc/32MX270F256B\default_isr_vectors.o (__vector_dispatch_6)
c:/program files (x86)/microchip/xc32/v1.42/bin/bin/../../lib/gcc/pic32mx/4.8.3/../../../../pic32mx/lib\libpic32.a(vector7.o)
                              c:/program files (x86)/microchip/xc32/v1.42/bin/bin/../../lib/gcc/pic32mx/4.8.3/../../../../pic32mx/lib/./proc/32MX270F256B\default_isr_vectors.o (__vector_dispatch_7)
c:/program files (x86)/microchip/xc32/v1.42/bin/bin/../../lib/gcc/pic32mx/4.8.3/../../../../pic32mx/lib\libpic32.a(vector8.o)
                              c:/program files (x86)/microchip/xc32/v1.42/bin/bin/../../lib/gcc/pic32mx/4.8.3/../../../../pic32mx/lib/./proc/32MX270F256B\default_isr_vectors.o (__vector_dispatch_8)
c:/program files (x86)/microchip/xc32/v1.42/bin/bin/../../lib/gcc/pic32mx/4.8.3/../../../../pic32mx/lib\libpic32.a(vector9.o)
[...]
Memory Configuration

Name             Origin             Length             Attributes
kseg1_program_mem 0x9d000000         0x00007000         xr
kseg0_program_mem 0x9d007000         0x00010000         xr
kseg2_program_mem 0x9d017000         0x00020000         xrw
exception_mem    0x9d03f000         0x00001000
debug_exec_mem   0x9fc00490         0x00000760
kseg0_boot_mem   0x9fc00490         0x00000000
kseg1_boot_mem   0xbfc00000         0x00000490
config3          0xbfc00bf0         0x00000004
config2          0xbfc00bf4         0x00000004
config1          0xbfc00bf8         0x00000004
config0          0xbfc00bfc         0x00000004
kseg1_data_mem   0xa0000000         0x00010000         w !x
sfrs             0xbf800000         0x00100000
configsfrs       0xbfc00bf0         0x00000010
*default*        0x00000000         0xffffffff

Linker script and memory map

LOAD c:/program files (x86)/microchip/xc32/v1.42/bin/bin/../../lib/gcc/pic32mx/4.8.3/../../../../pic32mx/lib/./proc/32MX270F256B/crt0_mips32r2.o
LOAD c:/program files (x86)/microchip/xc32/v1.42/bin/bin/../../lib/gcc/pic32mx/4.8.3/../../../../pic32mx/lib\software-debug-break.o
                0x00000001                _DEBUGGER = 0x1
LOAD build/default/debug/main.o
LOAD build/default/debug/GPUCore/GPUCore.o
LOAD build/default/debug/IOCore/IOCore.o
LOAD build/default/debug/HALCore/HALCore.o
LOAD build/default/debug/Tennis.o
                0x00000001                __MPLAB_BUILD = 0x1
                0x00000001                __MPLAB_DEBUG = 0x1
                0x00000001                __DEBUG = 0x1
                0x00000001                __MPLAB_DEBUGGER_SIMULATOR = 0x1
                0x00000800                _min_heap_size = 0x800
                0x00000400                _min_stack_size = 0x400
LOAD c:/program files (x86)/microchip/xc32/v1.42/bin/bin/../../lib/gcc/pic32mx/4.8.3/../../../../pic32mx/lib/./proc/32MX270F256B\default_isr_vectors.o
LOAD c:/program files (x86)/microchip/xc32/v1.42/bin/bin/../../lib/gcc/pic32mx/4.8.3/../../../../pic32mx/lib\pic32_software_reset.o
                0x00000400                PROVIDE (_min_stack_size, 0x400)
LOAD c:/program files (x86)/microchip/xc32/v1.42/bin/bin/../../lib/gcc/pic32mx/4.8.3/../../../../pic32mx/lib/./proc/32MX270F256B\processor.o
START GROUP
LOAD c:/program files (x86)/microchip/xc32/v1.42/bin/bin/../../lib/gcc/pic32mx/4.8.3/../../../../pic32mx/lib\libmchp_peripheral.a
END GROUP
START GROUP
LOAD c:/program files (x86)/microchip/xc32/v1.42/bin/bin/../../lib/gcc/pic32mx/4.8.3/../../../../pic32mx/lib\libmchp_peripheral_32MX270F256B.a
END GROUP
                0x00000001                PROVIDE (_vector_spacing, 0x1)
                0x9d03f000                PROVIDE (_ebase_address, 0x9d03f000)
                0xbfc00000                _RESET_ADDR = 0xbfc00000
                0xbfc00380                _BEV_EXCPT_ADDR = 0xbfc00380
                0xbfc00480                _DBG_EXCPT_ADDR = 0xbfc00480
                0x9fc00490                _DBG_CODE_ADDR = 0x9fc00490
                0x00000760                _DBG_CODE_SIZE = 0x760
                0x9d03f180                _GEN_EXCPT_ADDR = (_ebase_address + 0x180)

.config_BFC00BF0
                0xbfc00bf0        0x4
 *(.config_BFC00BF0)
 .config_BFC00BF0
                0xbfc00bf0        0x4 build/default/debug/main.o

.config_BFC00BF4
                0xbfc00bf4        0x4
 *(.config_BFC00BF4)
 .config_BFC00BF4
                0xbfc00bf4        0x4 build/default/debug/main.o

.config_BFC00BF8
                0xbfc00bf8        0x4
 *(.config_BFC00BF8)
 .config_BFC00BF8
                0xbfc00bf8        0x4 build/default/debug/main.o

.config_BFC00BFC
                0xbfc00bfc        0x4
 *(.config_BFC00BFC)
 .config_BFC00BFC
                0xbfc00bfc        0x4 build/default/debug/main.o

.funcdin        0x9d017000     0x2384
 *(.funcdin)
 .funcdin       0x9d017000     0x2384 build/default/debug/Tennis.o
                0x9d017000                reset
                0x9d017124                game
                0x9d017754                menu
                0x9d017774                Tennis
                0x9d019328                controller
                0xbfc02000                PROVIDE (_DBG_CODE_ADDR, 0xbfc02000)
                0x00000ff0                PROVIDE (_DBG_CODE_SIZE, 0xff0)

.reset          0xbfc00000      0x1e4
 *(.reset)
 .reset         0xbfc00000        0x8 c:/program files (x86)/microchip/xc32/v1.42/bin/bin/../../lib/gcc/pic32mx/4.8.3/../../../../pic32mx/lib/./proc/32MX270F256B/crt0_mips32r2.o
                0xbfc00000                _reset
 *(.reset.startup)
 .reset.startup
                0xbfc00008      0x1dc c:/program files (x86)/microchip/xc32/v1.42/bin/bin/../../lib/gcc/pic32mx/4.8.3/../../../../pic32mx/lib/./proc/32MX270F256B/crt0_mips32r2.o

.bev_excpt      0xbfc00380       0x10
 *(.bev_handler)
 .bev_handler   0xbfc00380       0x10 c:/program files (x86)/microchip/xc32/v1.42/bin/bin/../../lib/gcc/pic32mx/4.8.3/../../../../pic32mx/lib/./proc/32MX270F256B/crt0_mips32r2.o

.dbg_excpt      0xbfc00480        0x8
                0xbfc00480                . = (. + DEFINED (_DEBUGGER)?0x8:0x0)
 *fill*         0xbfc00480        0x8 

.dbg_code       0x9fc00490      0x760
                0x9fc00490                . = (. + DEFINED (_DEBUGGER)?_DBG_CODE_SIZE:0x0)
 *fill*         0x9fc00490      0x760 

.app_excpt      0x9d03f180       0x10
 *(.gen_handler)
 .gen_handler   0x9d03f180       0x10 c:/program files (x86)/microchip/xc32/v1.42/bin/bin/../../lib/gcc/pic32mx/4.8.3/../../../../pic32mx/lib/./proc/32MX270F256B/crt0_mips32r2.o

.vector_0       0x9d03f200        0x8
 *(.vector_0)
 .vector_0      0x9d03f200        0x8 c:/program files (x86)/microchip/xc32/v1.42/bin/bin/../../lib/gcc/pic32mx/4.8.3/../../../../pic32mx/lib\libpic32.a(vector0.o)
                0x9d03f200                __vector_dispatch_0
                0x00000001                ASSERT (((_vector_spacing == 0x0) || (SIZEOF (.vector_0) <= (_vector_spacing << 0x5))), function at exception vector 0 too large)

.vector_1       0x9d03f220        0x8
 *(.vector_1)
 .vector_1      0x9d03f220        0x8 c:/program files (x86)/microchip/xc32/v1.42/bin/bin/../../lib/gcc/pic32mx/4.8.3/../../../../pic32mx/lib\libpic32.a(vector1.o)
                0x9d03f220                __vector_dispatch_1
                0x00000001                ASSERT (((_vector_spacing == 0x0) || (SIZEOF (.vector_1) <= (_vector_spacing << 0x5))), function at exception vector 1 too large)

.vector_2       0x9d03f240        0x8
 *(.vector_2)
 .vector_2      0x9d03f240        0x8 c:/program files (x86)/microchip/xc32/v1.42/bin/bin/../../lib/gcc/pic32mx/4.8.3/../../../../pic32mx/lib\libpic32.a(vector2.o)
                0x9d03f240                __vector_dispatch_2
                0x00000001                ASSERT (((_vector_spacing == 0x0) || (SIZEOF (.vector_2) <= (_vector_spacing << 0x5))), function at exception vector 2 too large)

.vector_3       0x9d03f260       0x10
 *(.vector_3)
 .vector_3      0x9d03f260       0x10 build/default/debug/IOCore/IOCore.o
                0x9d03f260                __vector_dispatch_3
                0x00000001                ASSERT (((_vector_spacing == 0x0) || (SIZEOF (.vector_3) <= (_vector_spacing << 0x5))), function at exception vector 3 too large)

.vector_4       0x9d03f280        0x8
 *(.vector_4)
 .vector_4      0x9d03f280        0x8 c:/program files (x86)/microchip/xc32/v1.42/bin/bin/../../lib/gcc/pic32mx/4.8.3/../../../../pic32mx/lib\libpic32.a(vector4.o)
                0x9d03f280                __vector_dispatch_4
                0x00000001                ASSERT (((_vector_spacing == 0x0) || (SIZEOF (.vector_4) <= (_vector_spacing << 0x5))), function at exception vector 4 too large)

.vector_5       0x9d03f2a0        0x8
 *(.vector_5)
 .vector_5      0x9d03f2a0        0x8 c:/program files (x86)/microchip/xc32/v1.42/bin/bin/../../lib/gcc/pic32mx/4.8.3/../../../../pic32mx/lib\libpic32.a(vector5.o)
                0x9d03f2a0                __vector_dispatch_5
                0x00000001                ASSERT (((_vector_spacing == 0x0) || (SIZEOF (.vector_5) <= (_vector_spacing << 0x5))), function at exception vector 5 too large)

.vector_6       0x9d03f2c0        0x8
 *(.vector_6)
 .vector_6      0x9d03f2c0        0x8 c:/program files (x86)/microchip/xc32/v1.42/bin/bin/../../lib/gcc/pic32mx/4.8.3/../../../../pic32mx/lib\libpic32.a(vector6.o)
                0x9d03f2c0                __vector_dispatch_6
                0x00000001                ASSERT (((_vector_spacing == 0x0) || (SIZEOF (.vector_6) <= (_vector_spacing << 0x5))), function at exception vector 6 too large)

.vector_7       0x9d03f2e0        0x8
 *(.vector_7)
 .vector_7      0x9d03f2e0        0x8 c:/program files (x86)/microchip/xc32/v1.42/bin/bin/../../lib/gcc/pic32mx/4.8.3/../../../../pic32mx/lib\libpic32.a(vector7.o)
                0x9d03f2e0                __vector_dispatch_7
                0x00000001                ASSERT (((_vector_spacing == 0x0) || (SIZEOF (.vector_7) <= (_vector_spacing << 0x5))), function at exception vector 7 too large)

.vector_8       0x9d03f300        0x8
 *(.vector_8)
 .vector_8      0x9d03f300        0x8 c:/program files (x86)/microchip/xc32/v1.42/bin/bin/../../lib/gcc/pic32mx/4.8.3/../../../../pic32mx/lib\libpic32.a(vector8.o)
                0x9d03f300                __vector_dispatch_8
                0x00000001                ASSERT (((_vector_spacing == 0x0) || (SIZEOF (.vector_8) <= (_vector_spacing << 0x5))), function at exception vector 8 too large)

.vector_9       0x9d03f320        0x8
 *(.vector_9)
 .vector_9      0x9d03f320        0x8 c:/program files (x86)/microchip/xc32/v1.42/bin/bin/../../lib/gcc/pic32mx/4.8.3/../../../../pic32mx/lib\libpic32.a(vector9.o)
                0x9d03f320                __vector_dispatch_9
                0x00000001                ASSERT (((_vector_spacing == 0x0) || (SIZEOF (.vector_9) <= (_vector_spacing << 0x5))), function at exception vector 9 too large)

.vector_10      0x9d03f340        0x8
 *(.vector_10)
 .vector_10     0x9d03f340        0x8 c:/program files (x86)/microchip/xc32/v1.42/bin/bin/../../lib/gcc/pic32mx/4.8.3/../../../../pic32mx/lib\libpic32.a(vector10.o)
                0x9d03f340                __vector_dispatch_10
                0x00000001                ASSERT (((_vector_spacing == 0x0) || (SIZEOF (.vector_10) <= (_vector_spacing << 0x5))), function at exception vector 10 too large)

.vector_11      0x9d03f360        0x8
 *(.vector_11)
 .vector_11     0x9d03f360        0x8 c:/program files (x86)/microchip/xc32/v1.42/bin/bin/../../lib/gcc/pic32mx/4.8.3/../../../../pic32mx/lib\libpic32.a(vector11.o)
                0x9d03f360                __vector_dispatch_11
                0x00000001                ASSERT (((_vector_spacing == 0x0) || (SIZEOF (.vector_11) <= (_vector_spacing << 0x5))), function at exception vector 11 too large)

.vector_12      0x9d03f380        0x8
 *(.vector_12)
 .vector_12     0x9d03f380        0x8 c:/program files (x86)/microchip/xc32/v1.42/bin/bin/../../lib/gcc/pic32mx/4.8.3/../../../../pic32mx/lib\libpic32.a(vector12.o)
                0x9d03f380                __vector_dispatch_12
                0x00000001                ASSERT (((_vector_spacing == 0x0) || (SIZEOF (.vector_12) <= (_vector_spacing << 0x5))), function at exception vector 12 too large)

.vector_13      0x9d03f3a0        0x8
 *(.vector_13)
 .vector_13     0x9d03f3a0        0x8 c:/program files (x86)/microchip/xc32/v1.42/bin/bin/../../lib/gcc/pic32mx/4.8.3/../../../../pic32mx/lib\libpic32.a(vector13.o)
                0x9d03f3a0                __vector_dispatch_13
                0x00000001                ASSERT (((_vector_spacing == 0x0) || (SIZEOF (.vector_13) <= (_vector_spacing << 0x5))), function at exception vector 13 too large)

.vector_14      0x9d03f3c0        0x8
 *(.vector_14)
 .vector_14     0x9d03f3c0        0x8 c:/program files (x86)/microchip/xc32/v1.42/bin/bin/../../lib/gcc/pic32mx/4.8.3/../../../../pic32mx/lib\libpic32.a(vector14.o)
                0x9d03f3c0                __vector_dispatch_14
                0x00000001                ASSERT (((_vector_spacing == 0x0) || (SIZEOF (.vector_14) <= (_vector_spacing << 0x5))), function at exception vector 14 too large)

.vector_15      0x9d03f3e0        0x8
 *(.vector_15)
 .vector_15     0x9d03f3e0        0x8 c:/program files (x86)/microchip/xc32/v1.42/bin/bin/../../lib/gcc/pic32mx/4.8.3/../../../../pic32mx/lib\libpic32.a(vector15.o)
                0x9d03f3e0                __vector_dispatch_15
                0x00000001                ASSERT (((_vector_spacing == 0x0) || (SIZEOF (.vector_15) <= (_vector_spacing << 0x5))), function at exception vector 15 too large)

.vector_16      0x9d03f400        0x8
 *(.vector_16)
 .vector_16     0x9d03f400        0x8 c:/program files (x86)/microchip/xc32/v1.42/bin/bin/../../lib/gcc/pic32mx/4.8.3/../../../../pic32mx/lib\libpic32.a(vector16.o)
                0x9d03f400                __vector_dispatch_16
                0x00000001                ASSERT (((_vector_spacing == 0x0) || (SIZEOF (.vector_16) <= (_vector_spacing << 0x5))), function at exception vector 16 too large)

.vector_17      0x9d03f420        0x8
 *(.vector_17)
 .vector_17     0x9d03f420        0x8 c:/program files (x86)/microchip/xc32/v1.42/bin/bin/../../lib/gcc/pic32mx/4.8.3/../../../../pic32mx/lib\libpic32.a(vector17.o)
                0x9d03f420                __vector_dispatch_17
                0x00000001                ASSERT (((_vector_spacing == 0x0) || (SIZEOF (.vector_17) <= (_vector_spacing << 0x5))), function at exception vector 17 too large)

.vector_18      0x9d03f440        0x8
 *(.vector_18)
 .vector_18     0x9d03f440        0x8 c:/program files (x86)/microchip/xc32/v1.42/bin/bin/../../lib/gcc/pic32mx/4.8.3/../../../../pic32mx/lib\libpic32.a(vector18.o)
                0x9d03f440                __vector_dispatch_18
                0x00000001                ASSERT (((_vector_spacing == 0x0) || (SIZEOF (.vector_18) <= (_vector_spacing << 0x5))), function at exception vector 18 too large)

.vector_19      0x9d03f460        0x8
 *(.vector_19)
 .vector_19     0x9d03f460        0x8 c:/program files (x86)/microchip/xc32/v1.42/bin/bin/../../lib/gcc/pic32mx/4.8.3/../../../../pic32mx/lib\libpic32.a(vector19.o)
                0x9d03f460                __vector_dispatch_19
                0x00000001                ASSERT (((_vector_spacing == 0x0) || (SIZEOF (.vector_19) <= (_vector_spacing << 0x5))), function at exception vector 19 too large)

.vector_20      0x9d03f480        0x8
 *(.vector_20)
 .vector_20     0x9d03f480        0x8 c:/program files (x86)/microchip/xc32/v1.42/bin/bin/../../lib/gcc/pic32mx/4.8.3/../../../../pic32mx/lib\libpic32.a(vector20.o)
                0x9d03f480                __vector_dispatch_20
                0x00000001                ASSERT (((_vector_spacing == 0x0) || (SIZEOF (.vector_20) <= (_vector_spacing << 0x5))), function at exception vector 20 too large)

.vector_21      0x9d03f4a0        0x8
 *(.vector_21)
 .vector_21     0x9d03f4a0        0x8 c:/program files (x86)/microchip/xc32/v1.42/bin/bin/../../lib/gcc/pic32mx/4.8.3/../../../../pic32mx/lib\libpic32.a(vector21.o)
                0x9d03f4a0                __vector_dispatch_21
                0x00000001                ASSERT (((_vector_spacing == 0x0) || (SIZEOF (.vector_21) <= (_vector_spacing << 0x5))), function at exception vector 21 too large)

.vector_22      0x9d03f4c0        0x8
 *(.vector_22)
 .vector_22     0x9d03f4c0        0x8 c:/program files (x86)/microchip/xc32/v1.42/bin/bin/../../lib/gcc/pic32mx/4.8.3/../../../../pic32mx/lib\libpic32.a(vector22.o)
                0x9d03f4c0                __vector_dispatch_22
                0x00000001                ASSERT (((_vector_spacing == 0x0) || (SIZEOF (.vector_22) <= (_vector_spacing << 0x5))), function at exception vector 22 too large)

.vector_23      0x9d03f4e0        0x8
 *(.vector_23)
 .vector_23     0x9d03f4e0        0x8 c:/program files (x86)/microchip/xc32/v1.42/bin/bin/../../lib/gcc/pic32mx/4.8.3/../../../../pic32mx/lib\libpic32.a(vector23.o)
                0x9d03f4e0                __vector_dispatch_23
                0x00000001                ASSERT (((_vector_spacing == 0x0) || (SIZEOF (.vector_23) <= (_vector_spacing << 0x5))), function at exception vector 23 too large)

.vector_24      0x9d03f500        0x8
 *(.vector_24)
 .vector_24     0x9d03f500        0x8 c:/program files (x86)/microchip/xc32/v1.42/bin/bin/../../lib/gcc/pic32mx/4.8.3/../../../../pic32mx/lib\libpic32.a(vector24.o)
                0x9d03f500                __vector_dispatch_24
                0x00000001                ASSERT (((_vector_spacing == 0x0) || (SIZEOF (.vector_24) <= (_vector_spacing << 0x5))), function at exception vector 24 too large)

.vector_25      0x9d03f520        0x8
 *(.vector_25)
 .vector_25     0x9d03f520        0x8 c:/program files (x86)/microchip/xc32/v1.42/bin/bin/../../lib/gcc/pic32mx/4.8.3/../../../../pic32mx/lib\libpic32.a(vector25.o)
                0x9d03f520                __vector_dispatch_25
                0x00000001                ASSERT (((_vector_spacing == 0x0) || (SIZEOF (.vector_25) <= (_vector_spacing << 0x5))), function at exception vector 25 too large)

.vector_26      0x9d03f540        0x8
 *(.vector_26)
 .vector_26     0x9d03f540        0x8 c:/program files (x86)/microchip/xc32/v1.42/bin/bin/../../lib/gcc/pic32mx/4.8.3/../../../../pic32mx/lib\libpic32.a(vector26.o)
                0x9d03f540                __vector_dispatch_26
                0x00000001                ASSERT (((_vector_spacing == 0x0) || (SIZEOF (.vector_26) <= (_vector_spacing << 0x5))), function at exception vector 26 too large)

.vector_27      0x9d03f560        0x8
 *(.vector_27)
 .vector_27     0x9d03f560        0x8 c:/program files (x86)/microchip/xc32/v1.42/bin/bin/../../lib/gcc/pic32mx/4.8.3/../../../../pic32mx/lib\libpic32.a(vector27.o)
                0x9d03f560                __vector_dispatch_27
                0x00000001                ASSERT (((_vector_spacing == 0x0) || (SIZEOF (.vector_27) <= (_vector_spacing << 0x5))), function at exception vector 27 too large)

.vector_28      0x9d03f580        0x8
 *(.vector_28)
 .vector_28     0x9d03f580        0x8 c:/program files (x86)/microchip/xc32/v1.42/bin/bin/../../lib/gcc/pic32mx/4.8.3/../../../../pic32mx/lib\libpic32.a(vector28.o)
                0x9d03f580                __vector_dispatch_28
                0x00000001                ASSERT (((_vector_spacing == 0x0) || (SIZEOF (.vector_28) <= (_vector_spacing << 0x5))), function at exception vector 28 too large)

.vector_29      0x9d03f5a0        0x8
 *(.vector_29)
 .vector_29     0x9d03f5a0        0x8 c:/program files (x86)/microchip/xc32/v1.42/bin/bin/../../lib/gcc/pic32mx/4.8.3/../../../../pic32mx/lib\libpic32.a(vector29.o)
                0x9d03f5a0                __vector_dispatch_29
                0x00000001                ASSERT (((_vector_spacing == 0x0) || (SIZEOF (.vector_29) <= (_vector_spacing << 0x5))), function at exception vector 29 too large)

.vector_30      0x9d03f5c0        0x8
 *(.vector_30)
 .vector_30     0x9d03f5c0        0x8 c:/program files (x86)/microchip/xc32/v1.42/bin/bin/../../lib/gcc/pic32mx/4.8.3/../../../../pic32mx/lib\libpic32.a(vector30.o)
                0x9d03f5c0                __vector_dispatch_30
                0x00000001                ASSERT (((_vector_spacing == 0x0) || (SIZEOF (.vector_30) <= (_vector_spacing << 0x5))), function at exception vector 30 too large)

.vector_31      0x9d03f5e0        0x8
 *(.vector_31)
 .vector_31     0x9d03f5e0        0x8 c:/program files (x86)/microchip/xc32/v1.42/bin/bin/../../lib/gcc/pic32mx/4.8.3/../../../../pic32mx/lib\libpic32.a(vector31.o)
                0x9d03f5e0                __vector_dispatch_31
                0x00000001                ASSERT (((_vector_spacing == 0x0) || (SIZEOF (.vector_31) <= (_vector_spacing << 0x5))), function at exception vector 31 too large)

.vector_32      0x9d03f600        0x8
 *(.vector_32)
 .vector_32     0x9d03f600        0x8 c:/program files (x86)/microchip/xc32/v1.42/bin/bin/../../lib/gcc/pic32mx/4.8.3/../../../../pic32mx/lib\libpic32.a(vector32.o)
                0x9d03f600                __vector_dispatch_32
                0x00000001                ASSERT (((_vector_spacing == 0x0) || (SIZEOF (.vector_32) <= (_vector_spacing << 0x5))), function at exception vector 32 too large)

.vector_33      0x9d03f620        0x8
 *(.vector_33)
 .vector_33     0x9d03f620        0x8 c:/program files (x86)/microchip/xc32/v1.42/bin/bin/../../lib/gcc/pic32mx/4.8.3/../../../../pic32mx/lib\libpic32.a(vector33.o)
                0x9d03f620                __vector_dispatch_33
                0x00000001                ASSERT (((_vector_spacing == 0x0) || (SIZEOF (.vector_33) <= (_vector_spacing << 0x5))), function at exception vector 33 too large)

.vector_34      0x9d03f640        0x8
 *(.vector_34)
 .vector_34     0x9d03f640        0x8 c:/program files (x86)/microchip/xc32/v1.42/bin/bin/../../lib/gcc/pic32mx/4.8.3/../../../../pic32mx/lib\libpic32.a(vector34.o)
                0x9d03f640                __vector_dispatch_34
                0x00000001                ASSERT (((_vector_spacing == 0x0) || (SIZEOF (.vector_34) <= (_vector_spacing << 0x5))), function at exception vector 34 too large)

.vector_35      0x9d03f660        0x8
 *(.vector_35)
 .vector_35     0x9d03f660        0x8 c:/program files (x86)/microchip/xc32/v1.42/bin/bin/../../lib/gcc/pic32mx/4.8.3/../../../../pic32mx/lib\libpic32.a(vector35.o)
                0x9d03f660                __vector_dispatch_35
                0x00000001                ASSERT (((_vector_spacing == 0x0) || (SIZEOF (.vector_35) <= (_vector_spacing << 0x5))), function at exception vector 35 too large)

.vector_36      0x9d03f680        0x8
 *(.vector_36)
 .vector_36     0x9d03f680        0x8 c:/program files (x86)/microchip/xc32/v1.42/bin/bin/../../lib/gcc/pic32mx/4.8.3/../../../../pic32mx/lib\libpic32.a(vector36.o)
                0x9d03f680                __vector_dispatch_36
                0x00000001                ASSERT (((_vector_spacing == 0x0) || (SIZEOF (.vector_36) <= (_vector_spacing << 0x5))), function at exception vector 36 too large)

.vector_37      0x9d03f6a0        0x8
 *(.vector_37)
 .vector_37     0x9d03f6a0        0x8 c:/program files (x86)/microchip/xc32/v1.42/bin/bin/../../lib/gcc/pic32mx/4.8.3/../../../../pic32mx/lib\libpic32.a(vector37.o)
                0x9d03f6a0                __vector_dispatch_37
                0x00000001                ASSERT (((_vector_spacing == 0x0) || (SIZEOF (.vector_37) <= (_vector_spacing << 0x5))), function at exception vector 37 too large)

.vector_38      0x9d03f6c0        0x8
 *(.vector_38)
 .vector_38     0x9d03f6c0        0x8 c:/program files (x86)/microchip/xc32/v1.42/bin/bin/../../lib/gcc/pic32mx/4.8.3/../../../../pic32mx/lib\libpic32.a(vector38.o)
                0x9d03f6c0                __vector_dispatch_38
                0x00000001                ASSERT (((_vector_spacing == 0x0) || (SIZEOF (.vector_38) <= (_vector_spacing << 0x5))), function at exception vector 38 too large)

.vector_39      0x9d03f6e0        0x8
 *(.vector_39)
 .vector_39     0x9d03f6e0        0x8 c:/program files (x86)/microchip/xc32/v1.42/bin/bin/../../lib/gcc/pic32mx/4.8.3/../../../../pic32mx/lib\libpic32.a(vector39.o)
                0x9d03f6e0                __vector_dispatch_39
                0x00000001                ASSERT (((_vector_spacing == 0x0) || (SIZEOF (.vector_39) <= (_vector_spacing << 0x5))), function at exception vector 39 too large)

.vector_40      0x9d03f700        0x8
 *(.vector_40)
 .vector_40     0x9d03f700        0x8 c:/program files (x86)/microchip/xc32/v1.42/bin/bin/../../lib/gcc/pic32mx/4.8.3/../../../../pic32mx/lib\libpic32.a(vector40.o)
                0x9d03f700                __vector_dispatch_40
                0x00000001                ASSERT (((_vector_spacing == 0x0) || (SIZEOF (.vector_40) <= (_vector_spacing << 0x5))), function at exception vector 40 too large)

.vector_41      0x9d03f720        0x8
 *(.vector_41)
 .vector_41     0x9d03f720        0x8 c:/program files (x86)/microchip/xc32/v1.42/bin/bin/../../lib/gcc/pic32mx/4.8.3/../../../../pic32mx/lib\libpic32.a(vector41.o)
                0x9d03f720                __vector_dispatch_41
                0x00000001                ASSERT (((_vector_spacing == 0x0) || (SIZEOF (.vector_41) <= (_vector_spacing << 0x5))), function at exception vector 41 too large)

.vector_42      0x9d03f740        0x8
 *(.vector_42)
 .vector_42     0x9d03f740        0x8 c:/program files (x86)/microchip/xc32/v1.42/bin/bin/../../lib/gcc/pic32mx/4.8.3/../../../../pic32mx/lib\libpic32.a(vector42.o)
                0x9d03f740                __vector_dispatch_42
                0x00000001                ASSERT (((_vector_spacing == 0x0) || (SIZEOF (.vector_42) <= (_vector_spacing << 0x5))), function at exception vector 42 too large)

.vector_43      0x9d03f760        0x8
 *(.vector_43)
 .vector_43     0x9d03f760        0x8 c:/program files (x86)/microchip/xc32/v1.42/bin/bin/../../lib/gcc/pic32mx/4.8.3/../../../../pic32mx/lib\libpic32.a(vector43.o)
                0x9d03f760                __vector_dispatch_43
                0x00000001                ASSERT (((_vector_spacing == 0x0) || (SIZEOF (.vector_43) <= (_vector_spacing << 0x5))), function at exception vector 43 too large)

.vector_44      0x9d03f780        0x0
 *(.vector_44)
                0x00000001                ASSERT (((_vector_spacing == 0x0) || (SIZEOF (.vector_44) <= (_vector_spacing << 0x5))), function at exception vector 44 too large)

.vector_45      0x9d03f7a0        0x0
 *(.vector_45)
                0x00000001                ASSERT (((_vector_spacing == 0x0) || (SIZEOF (.vector_45) <= (_vector_spacing << 0x5))), function at exception vector 45 too large)

.vector_46      0x9d03f7c0        0x0
 *(.vector_46)
                0x00000001                ASSERT (((_vector_spacing == 0x0) || (SIZEOF (.vector_46) <= (_vector_spacing << 0x5))), function at exception vector 46 too large)

.vector_47      0x9d03f7e0        0x0
 *(.vector_47)
                0x00000001                ASSERT (((_vector_spacing == 0x0) || (SIZEOF (.vector_47) <= (_vector_spacing << 0x5))), function at exception vector 47 too large)

.vector_48      0x9d03f800        0x0
 *(.vector_48)
                0x00000001                ASSERT (((_vector_spacing == 0x0) || (SIZEOF (.vector_48) <= (_vector_spacing << 0x5))), function at exception vector 48 too large)

.vector_49      0x9d03f820        0x0
 *(.vector_49)
                0x00000001                ASSERT (((_vector_spacing == 0x0) || (SIZEOF (.vector_49) <= (_vector_spacing << 0x5))), function at exception vector 49 too large)

.vector_50      0x9d03f840        0x0
 *(.vector_50)
                0x00000001                ASSERT (((_vector_spacing == 0x0) || (SIZEOF (.vector_50) <= (_vector_spacing << 0x5))), function at exception vector 50 too large)

.vector_51      0x9d03f860        0x0
 *(.vector_51)
                0x00000001                ASSERT (((_vector_spacing == 0x0) || (SIZEOF (.vector_51) <= (_vector_spacing << 0x5))), function at exception vector 51 too large)

.vector_52      0x9d03f880        0x0
 *(.vector_52)
                0x00000001                ASSERT (((_vector_spacing == 0x0) || (SIZEOF (.vector_52) <= (_vector_spacing << 0x5))), function at exception vector 52 too large)

.vector_53      0x9d03f8a0        0x0
 *(.vector_53)
                0x00000001                ASSERT (((_vector_spacing == 0x0) || (SIZEOF (.vector_53) <= (_vector_spacing << 0x5))), function at exception vector 53 too large)

.vector_54      0x9d03f8c0        0x0
 *(.vector_54)
                0x00000001                ASSERT (((_vector_spacing == 0x0) || (SIZEOF (.vector_54) <= (_vector_spacing << 0x5))), function at exception vector 54 too large)

.vector_55      0x9d03f8e0        0x0
 *(.vector_55)
                0x00000001                ASSERT (((_vector_spacing == 0x0) || (SIZEOF (.vector_55) <= (_vector_spacing << 0x5))), function at exception vector 55 too large)

.vector_56      0x9d03f900        0x0
 *(.vector_56)
                0x00000001                ASSERT (((_vector_spacing == 0x0) || (SIZEOF (.vector_56) <= (_vector_spacing << 0x5))), function at exception vector 56 too large)

.vector_57      0x9d03f920        0x0
 *(.vector_57)
                0x00000001                ASSERT (((_vector_spacing == 0x0) || (SIZEOF (.vector_57) <= (_vector_spacing << 0x5))), function at exception vector 57 too large)

.vector_58      0x9d03f940        0x0
 *(.vector_58)
                0x00000001                ASSERT (((_vector_spacing == 0x0) || (SIZEOF (.vector_58) <= (_vector_spacing << 0x5))), function at exception vector 58 too large)

.vector_59      0x9d03f960        0x0
 *(.vector_59)
                0x00000001                ASSERT (((_vector_spacing == 0x0) || (SIZEOF (.vector_59) <= (_vector_spacing << 0x5))), function at exception vector 59 too large)

.vector_60      0x9d03f980        0x0
 *(.vector_60)
                0x00000001                ASSERT (((_vector_spacing == 0x0) || (SIZEOF (.vector_60) <= (_vector_spacing << 0x5))), function at exception vector 60 too large)

.vector_61      0x9d03f9a0        0x0
 *(.vector_61)
                0x00000001                ASSERT (((_vector_spacing == 0x0) || (SIZEOF (.vector_61) <= (_vector_spacing << 0x5))), function at exception vector 61 too large)

.vector_62      0x9d03f9c0        0x0
 *(.vector_62)
                0x00000001                ASSERT (((_vector_spacing == 0x0) || (SIZEOF (.vector_62) <= (_vector_spacing << 0x5))), function at exception vector 62 too large)

.vector_63      0x9d03f9e0        0x0
 *(.vector_63)
                0x00000001                ASSERT (((_vector_spacing == 0x0) || (SIZEOF (.vector_63) <= (_vector_spacing << 0x5))), function at exception vector 63 too large)

.startup
 *(.startup)

.text           0x9d007000        0x0
 *(.stub .gnu.linkonce.t.*)
 *(.text.*personality*)
 *(.mips16.fn.*)
 *(.mips16.call.*)
 *(.gnu.warning)
                0x9d007000                . = ALIGN (0x4)

.init           0x9d007000        0x0
 *crti.o(.init)
 *crtbegin.o(.init)
 *(EXCLUDE_FILE(*crtn.o *crtend?.o *crtend.o) .init)
 *crtend.o(.init)
 *crtn.o(.init)
                0x9d007000                . = ALIGN (0x4)

.fini           0x9d007000        0x0
 *(.fini)
                0x9d007000                . = ALIGN (0x4)

.preinit_array  0x9d007000        0x0
                0x9d007000                PROVIDE (__preinit_array_start, .)
 *(.preinit_array)
                0x9d007000                PROVIDE (__preinit_array_end, .)
                0x9d007000                . = ALIGN (0x4)

.init_array     0x9d007000        0x0
                0x9d007000                PROVIDE (__init_array_start, .)
 *(SORT(.init_array.*))
 *(.init_array)
                0x9d007000                PROVIDE (__init_array_end, .)
                0x9d007000                . = ALIGN (0x4)

.fini_array     0x9d007000        0x0
                0x9d007000                PROVIDE (__fini_array_start, .)
 *(SORT(.fini_array.*))
 *(.fini_array)
                0x9d007000                PROVIDE (__fini_array_end, .)
                0x9d007000                . = ALIGN (0x4)

.ctors          0x9d007000        0x0
 *crtbegin.o(.ctors)
 *crtbegin?.o(.ctors)
 *(EXCLUDE_FILE(*crtend?.o *crtend.o) .ctors)
 *(SORT(.ctors.*))
 *(.ctors)
                0x9d007000                . = ALIGN (0x4)

.dtors          0x9d007000        0x0
 *crtbegin.o(.dtors)
 *crtbegin?.o(.dtors)
 *(EXCLUDE_FILE(*crtend?.o *crtend.o) .dtors)
 *(SORT(.dtors.*))
 *(.dtors)
                0x9d007000                . = ALIGN (0x4)

.rodata         0x9d007000        0x0
 *(.gnu.linkonce.r.*)
 *(.rodata1)
                0x9d007000                . = ALIGN (0x4)

.sdata2         0x9fc00490        0x0
 *(.sdata2 .sdata2.* .gnu.linkonce.s2.*)
                0x9fc00490                . = ALIGN (0x4)

.sbss2          0x9fc00490        0x0
 *(.sbss2 .sbss2.* .gnu.linkonce.sb2.*)
                0x9fc00490                . = ALIGN (0x4)

.eh_frame_hdr
 *(.eh_frame_hdr)
                0x9fc00490                . = ALIGN (0x4)

.eh_frame
 *(.eh_frame)
                0x9fc00490                . = ALIGN (0x4)

.gcc_except_table
 *(.gcc_except_table .gcc_except_table.*)
                0x9fc00490                . = ALIGN (0x4)

.dbg_data       0xa0000000      0x200
                0xa0000000                . = (. + DEFINED (_DEBUGGER)?0x200:0x0)
 *fill*         0xa0000000      0x200 

.jcr            0xa0000200        0x0
 *(.jcr)
                0xa0000200                . = ALIGN (0x4)

.eh_frame
 *(.eh_frame)
                0xa0000200                . = ALIGN (0x4)

.gcc_except_table
 *(.gcc_except_table .gcc_except_table.*)
                0xa0000200                . = ALIGN (0x4)

.persist        0xa0000200        0x0
                0xa0000200                _persist_begin = .
 *(.persist .persist.*)
 *(.pbss .pbss.*)
                0xa0000200                . = ALIGN (0x4)
                0xa0000200                _persist_end = .

.data           0xa0000200        0x0
 *(.gnu.linkonce.d.*)
 *(.data1)
                0xa0000200                . = ALIGN (0x4)
                0xa0000200                . = .
                0xa00081f0                _gp = (ALIGN (0x10) + 0x7ff0)

.got            0xa0000200        0x0
 *(.got.plt)
 *(.got)
                0xa0000200                . = ALIGN (0x4)

.sdata          0xa0000200        0x0
                0xa0000200                _sdata_begin = .
 *(.sdata .sdata.* .gnu.linkonce.s.*)
                0xa0000200                . = ALIGN (0x4)
                0xa0000200                _sdata_end = .

.lit8
 *(.lit8)

.lit4
 *(.lit4)
                0xa0000200                . = ALIGN (0x4)
                0xa0000200                _data_end = .
                0xa0000200                _bss_begin = .

.sbss           0xa0000200       0x34
                0xa0000200                _sbss_begin = .
 *(.dynsbss)
 *(.sbss .sbss.* .gnu.linkonce.sb.*)
 .sbss          0xa0000200        0x4 c:/program files (x86)/microchip/xc32/v1.42/bin/bin/../../lib/gcc/pic32mx/4.8.3/../../../../pic32mx/lib\liblega-c.a(errno.o)
                0xa0000200                errno
 *(.scommon)
 .scommon       0xa0000204        0xf build/default/debug/main.o
                0xa0000204                player4
                0xa0000205                player3
                0xa0000206                player1
                0xa0000208                aa
                0xa000020c                dd
                0xa0000210                player6
                0xa0000211                player2
                0xa0000212                player5
 *fill*         0xa0000213        0x1 
 .scommon       0xa0000214        0x4 build/default/debug/HALCore/HALCore.o
                0xa0000214                fun
 .scommon       0xa0000218       0x1a build/default/debug/Tennis.o
                0xa0000218                player2_3
                0xa0000219                yPlayer2
                0xa000021a                option
                0xa000021b                select
                0xa000021c                yBall
                0xa000021d                player2_1
                0xa000021e                player1_3
                0xa000021f                player2_2
                0xa0000220                player1_2
                0xa0000224                dirXBall
                0xa0000228                player1_1
                0xa0000229                xBall
                0xa000022a                ball
                0xa000022b                demo
                0xa000022c                dirYBall
                0xa0000230                yPlayer1
                0xa0000231                stop
                0xa0000232                _sbss_end = .
                0xa0000234                . = ALIGN (0x4)
 *fill*         0xa0000232        0x2 

.bss            0xa0000234        0x0
 *(.dynbss)
 *(COMMON)
                0xa0000234                . = ALIGN ((. != 0x0)?0x4:0x1)
                0xa0000234                . = ALIGN (0x4)
                0xa0000234                _end = .
                0xa0000234                _bss_end = .
                0x00010000                _bmxdudba_address = 0x10000
                0x00010000                _bmxdupba_address = 0x10000

/DISCARD/
 *(.pdr)
 *(.rel.dyn)
 *(.note.GNU-stack)
 *(.note.GNU-stack)
 *(.gnu_debuglink)
 *(.gnu.lto_*)
 *(.discard)

.gptab.sdata
 *(.gptab.data)
 *(.gptab.sdata)

.gptab.sbss
 *(.gptab.bss)
 *(.gptab.sbss)

.mdebug.abi32   0x9d019384        0x0
 *(.mdebug.abi32)
 .mdebug.abi32  0x9d019384        0x0 c:/program files (x86)/microchip/xc32/v1.42/bin/bin/../../lib/gcc/pic32mx/4.8.3/../../../../pic32mx/lib\software-debug-break.o
 .mdebug.abi32  0x9d019384        0x0 build/default/debug/main.o
 .mdebug.abi32  0x9d019384        0x0 build/default/debug/GPUCore/GPUCore.o
 .mdebug.abi32  0x9d019384        0x0 build/default/debug/IOCore/IOCore.o
 .mdebug.abi32  0x9d019384        0x0 build/default/debug/HALCore/HALCore.o
 .mdebug.abi32  0x9d019384        0x0 build/default/debug/Tennis.o
 .mdebug.abi32  0x9d019384        0x0 c:/program files (x86)/microchip/xc32/v1.42/bin/bin/../../lib/gcc/pic32mx/4.8.3/../../../../pic32mx/lib\libpic32.a(default-bootstrap-exception-handler.o)
 .mdebug.abi32  0x9d019384        0x0 c:/program files (x86)/microchip/xc32/v1.42/bin/bin/../../lib/gcc/pic32mx/4.8.3/../../../../pic32mx/lib\libpic32.a(default-on-reset.o)
 .mdebug.abi32  0x9d019384        0x0 c:/program files (x86)/microchip/xc32/v1.42/bin/bin/../../lib/gcc/pic32mx/4.8.3/../../../../pic32mx/lib\libpic32.a(default-on-bootstrap.o)
 .mdebug.abi32  0x9d019384        0x0 c:/program files (x86)/microchip/xc32/v1.42/bin/bin/../../lib/gcc/pic32mx/4.8.3/../../../../pic32mx/lib\libpic32.a(default-general-exception-handler.o)
 .mdebug.abi32  0x9d019384        0x0 c:/program files (x86)/microchip/xc32/v1.42/bin/bin/../../lib/gcc/pic32mx/4.8.3/../../../../pic32mx/lib\liblega-c.a(malloc.o)
 .mdebug.abi32  0x9d019384        0x0 c:/program files (x86)/microchip/xc32/v1.42/bin/bin/../../lib/gcc/pic32mx/4.8.3/../../../../pic32mx/lib\liblega-c.a(errno.o)
 .mdebug.abi32  0x9d019384        0x0 c:/program files (x86)/microchip/xc32/v1.42/bin/bin/../../lib/gcc/pic32mx/4.8.3/../../../../pic32mx/lib\libpic32.a(sbrk.o)

.mdebug.abiN32
 *(.mdebug.abiN32)

.mdebug.abi64
 *(.mdebug.abi64)

.mdebug.abiO64
 *(.mdebug.abiO64)

.mdebug.eabi32
 *(.mdebug.eabi32)

.mdebug.eabi64
 *(.mdebug.eabi64)

.gcc_compiled_long32
 *(.gcc_compiled_long32)

.gcc_compiled_long64
 *(.gcc_compiled_long64)

.stab
 *(.stab)

.stabstr
 *(.stabstr)

.stab.excl
 *(.stab.excl)

.stab.exclstr
 *(.stab.exclstr)

.stab.index
 *(.stab.index)

.stab.indexstr
 *(.stab.indexstr)

.comment        0x00000000       0xed
 *(.comment)
 .comment       0x00000000       0x3c c:/program files (x86)/microchip/xc32/v1.42/bin/bin/../../lib/gcc/pic32mx/4.8.3/../../../../pic32mx/lib\software-debug-break.o
                                 0x3d (size before relaxing)
 .comment       0x00000000       0x3d build/default/debug/main.o
 .comment       0x00000000       0x3d build/default/debug/GPUCore/GPUCore.o
 .comment       0x00000000       0x3d build/default/debug/IOCore/IOCore.o
 .comment       0x00000000       0x3d build/default/debug/HALCore/HALCore.o
 .comment       0x00000000       0x3d build/default/debug/Tennis.o
 .comment       0x0000003c       0x18 c:/program files (x86)/microchip/xc32/v1.42/bin/bin/../../lib/gcc/pic32mx/4.8.3/../../../../pic32mx/lib\libpic32.a(memset.o)
                                 0x19 (size before relaxing)
 .comment       0x00000000       0x3d c:/program files (x86)/microchip/xc32/v1.42/bin/bin/../../lib/gcc/pic32mx/4.8.3/../../../../pic32mx/lib\libpic32.a(default-bootstrap-exception-handler.o)
 .comment       0x00000000       0x3d c:/program files (x86)/microchip/xc32/v1.42/bin/bin/../../lib/gcc/pic32mx/4.8.3/../../../../pic32mx/lib\libpic32.a(default-on-reset.o)
 .comment       0x00000000       0x3d c:/program files (x86)/microchip/xc32/v1.42/bin/bin/../../lib/gcc/pic32mx/4.8.3/../../../../pic32mx/lib\libpic32.a(default-on-bootstrap.o)
 .comment       0x00000000       0x3d c:/program files (x86)/microchip/xc32/v1.42/bin/bin/../../lib/gcc/pic32mx/4.8.3/../../../../pic32mx/lib\libpic32.a(default-general-exception-handler.o)
 .comment       0x00000000       0x3d c:/program files (x86)/microchip/xc32/v1.42/bin/bin/../../lib/gcc/pic32mx/4.8.3/../../../../pic32mx/lib\liblega-c.a(malloc.o)
 .comment       0x00000054       0x4e c:/program files (x86)/microchip/xc32/v1.42/bin/bin/../../lib/gcc/pic32mx/4.8.3/../../../../pic32mx/lib\liblega-c.a(errno.o)
                                 0x8b (size before relaxing)
 .comment       0x000000a2       0x4b c:/program files (x86)/microchip/xc32/v1.42/bin/bin/../../lib/gcc/pic32mx/4.8.3/../../../../pic32mx/lib\libpic32.a(sbrk.o)
                                 0x88 (size before relaxing)

.debug
 *(.debug)

.line
 *(.line)

.debug_srcinfo
 *(.debug_srcinfo)

.debug_sfnames
 *(.debug_sfnames)

.debug_aranges  0x00000000      0x250
 *(.debug_aranges)
 .debug_aranges
                0x00000000       0x20 c:/program files (x86)/microchip/xc32/v1.42/bin/bin/../../lib/gcc/pic32mx/4.8.3/../../../../pic32mx/lib\software-debug-break.o
 .debug_aranges
                0x00000020       0x20 build/default/debug/main.o
 .debug_aranges
                0x00000040       0x20 build/default/debug/GPUCore/GPUCore.o
 .debug_aranges
                0x00000060       0x20 build/default/debug/IOCore/IOCore.o
 .debug_aranges
                0x00000080       0xc8 build/default/debug/HALCore/HALCore.o
 .debug_aranges
                0x00000148       0x48 build/default/debug/Tennis.o
 .debug_aranges
                0x00000190       0x20 c:/program files (x86)/microchip/xc32/v1.42/bin/bin/../../lib/gcc/pic32mx/4.8.3/../../../../pic32mx/lib\libpic32.a(default-bootstrap-exception-handler.o)
 .debug_aranges
                0x000001b0       0x20 c:/program files (x86)/microchip/xc32/v1.42/bin/bin/../../lib/gcc/pic32mx/4.8.3/../../../../pic32mx/lib\libpic32.a(default-on-reset.o)
 .debug_aranges
                0x000001d0       0x20 c:/program files (x86)/microchip/xc32/v1.42/bin/bin/../../lib/gcc/pic32mx/4.8.3/../../../../pic32mx/lib\libpic32.a(default-on-bootstrap.o)
 .debug_aranges
                0x000001f0       0x20 c:/program files (x86)/microchip/xc32/v1.42/bin/bin/../../lib/gcc/pic32mx/4.8.3/../../../../pic32mx/lib\libpic32.a(default-general-exception-handler.o)
 .debug_aranges
                0x00000210       0x40 c:/program files (x86)/microchip/xc32/v1.42/bin/bin/../../lib/gcc/pic32mx/4.8.3/../../../../pic32mx/lib\libpic32.a(sbrk.o)

.debug_pubnames
 *(.debug_pubnames)

.debug_info     0x00000000     0x4ffc
 *(.debug_info .gnu.linkonce.wi.*)
 .debug_info    0x00000000       0xe5 c:/program files (x86)/microchip/xc32/v1.42/bin/bin/../../lib/gcc/pic32mx/4.8.3/../../../../pic32mx/lib\software-debug-break.o
 .debug_info    0x000000e5      0x1f1 build/default/debug/main.o
 .debug_info    0x000002d6     0x19e9 build/default/debug/GPUCore/GPUCore.o
 .debug_info    0x00001cbf     0x164f build/default/debug/IOCore/IOCore.o
 .debug_info    0x0000330e      0xac1 build/default/debug/HALCore/HALCore.o
 .debug_info    0x00003dcf      0xd75 build/default/debug/Tennis.o
 .debug_info    0x00004b44       0xf5 c:/program files (x86)/microchip/xc32/v1.42/bin/bin/../../lib/gcc/pic32mx/4.8.3/../../../../pic32mx/lib\libpic32.a(default-bootstrap-exception-handler.o)
 .debug_info    0x00004c39       0xcf c:/program files (x86)/microchip/xc32/v1.42/bin/bin/../../lib/gcc/pic32mx/4.8.3/../../../../pic32mx/lib\libpic32.a(default-on-reset.o)
 .debug_info    0x00004d08       0xd7 c:/program files (x86)/microchip/xc32/v1.42/bin/bin/../../lib/gcc/pic32mx/4.8.3/../../../../pic32mx/lib\libpic32.a(default-on-bootstrap.o)
 .debug_info    0x00004ddf       0xf1 c:/program files (x86)/microchip/xc32/v1.42/bin/bin/../../lib/gcc/pic32mx/4.8.3/../../../../pic32mx/lib\libpic32.a(default-general-exception-handler.o)
 .debug_info    0x00004ed0      0x12c c:/program files (x86)/microchip/xc32/v1.42/bin/bin/../../lib/gcc/pic32mx/4.8.3/../../../../pic32mx/lib\libpic32.a(sbrk.o)

.debug_abbrev   0x00000000      0x8be
 *(.debug_abbrev)
 .debug_abbrev  0x00000000       0x28 c:/program files (x86)/microchip/xc32/v1.42/bin/bin/../../lib/gcc/pic32mx/4.8.3/../../../../pic32mx/lib\software-debug-break.o
 .debug_abbrev  0x00000028       0x60 build/default/debug/main.o
 .debug_abbrev  0x00000088      0x2e9 build/default/debug/GPUCore/GPUCore.o
 .debug_abbrev  0x00000371      0x159 build/default/debug/IOCore/IOCore.o
 .debug_abbrev  0x000004ca      0x1b1 build/default/debug/HALCore/HALCore.o
 .debug_abbrev  0x0000067b      0x14f build/default/debug/Tennis.o
 .debug_abbrev  0x000007ca       0x28 c:/program files (x86)/microchip/xc32/v1.42/bin/bin/../../lib/gcc/pic32mx/4.8.3/../../../../pic32mx/lib\libpic32.a(default-bootstrap-exception-handler.o)
 .debug_abbrev  0x000007f2       0x28 c:/program files (x86)/microchip/xc32/v1.42/bin/bin/../../lib/gcc/pic32mx/4.8.3/../../../../pic32mx/lib\libpic32.a(default-on-reset.o)
 .debug_abbrev  0x0000081a       0x28 c:/program files (x86)/microchip/xc32/v1.42/bin/bin/../../lib/gcc/pic32mx/4.8.3/../../../../pic32mx/lib\libpic32.a(default-on-bootstrap.o)
 .debug_abbrev  0x00000842       0x28 c:/program files (x86)/microchip/xc32/v1.42/bin/bin/../../lib/gcc/pic32mx/4.8.3/../../../../pic32mx/lib\libpic32.a(default-general-exception-handler.o)
 .debug_abbrev  0x0000086a       0x54 c:/program files (x86)/microchip/xc32/v1.42/bin/bin/../../lib/gcc/pic32mx/4.8.3/../../../../pic32mx/lib\libpic32.a(sbrk.o)

.debug_line     0x00000000      0xe9b
 *(.debug_line)
 .debug_line    0x00000000       0x9c c:/program files (x86)/microchip/xc32/v1.42/bin/bin/../../lib/gcc/pic32mx/4.8.3/../../../../pic32mx/lib\software-debug-break.o
 .debug_line    0x0000009c       0xb7 build/default/debug/main.o
 .debug_line    0x00000153      0x388 build/default/debug/GPUCore/GPUCore.o
 .debug_line    0x000004db      0x18a build/default/debug/IOCore/IOCore.o
 .debug_line    0x00000665      0x2e9 build/default/debug/HALCore/HALCore.o
 .debug_line    0x0000094e      0x243 build/default/debug/Tennis.o
 .debug_line    0x00000b91       0xa9 c:/program files (x86)/microchip/xc32/v1.42/bin/bin/../../lib/gcc/pic32mx/4.8.3/../../../../pic32mx/lib\libpic32.a(default-bootstrap-exception-handler.o)
 .debug_line    0x00000c3a       0x96 c:/program files (x86)/microchip/xc32/v1.42/bin/bin/../../lib/gcc/pic32mx/4.8.3/../../../../pic32mx/lib\libpic32.a(default-on-reset.o)
 .debug_line    0x00000cd0       0x9a c:/program files (x86)/microchip/xc32/v1.42/bin/bin/../../lib/gcc/pic32mx/4.8.3/../../../../pic32mx/lib\libpic32.a(default-on-bootstrap.o)
 .debug_line    0x00000d6a       0xa7 c:/program files (x86)/microchip/xc32/v1.42/bin/bin/../../lib/gcc/pic32mx/4.8.3/../../../../pic32mx/lib\libpic32.a(default-general-exception-handler.o)
 .debug_line    0x00000e11       0x8a c:/program files (x86)/microchip/xc32/v1.42/bin/bin/../../lib/gcc/pic32mx/4.8.3/../../../../pic32mx/lib\libpic32.a(sbrk.o)

.debug_frame    0x00000000      0x900
 *(.debug_frame)
 .debug_frame   0x00000000       0x20 c:/program files (x86)/microchip/xc32/v1.42/bin/bin/../../lib/gcc/pic32mx/4.8.3/../../../../pic32mx/lib\software-debug-break.o
 .debug_frame   0x00000020       0x30 build/default/debug/main.o
 .debug_frame   0x00000050      0x2b0 build/default/debug/GPUCore/GPUCore.o
 .debug_frame   0x00000300      0x138 build/default/debug/IOCore/IOCore.o
 .debug_frame   0x00000438      0x2bc build/default/debug/HALCore/HALCore.o
 .debug_frame   0x000006f4       0xf0 build/default/debug/Tennis.o
 .debug_frame   0x000007e4       0x2c c:/program files (x86)/microchip/xc32/v1.42/bin/bin/../../lib/gcc/pic32mx/4.8.3/../../../../pic32mx/lib\libpic32.a(default-bootstrap-exception-handler.o)
 .debug_frame   0x00000810       0x20 c:/program files (x86)/microchip/xc32/v1.42/bin/bin/../../lib/gcc/pic32mx/4.8.3/../../../../pic32mx/lib\libpic32.a(default-on-reset.o)
 .debug_frame   0x00000830       0x20 c:/program files (x86)/microchip/xc32/v1.42/bin/bin/../../lib/gcc/pic32mx/4.8.3/../../../../pic32mx/lib\libpic32.a(default-on-bootstrap.o)
 .debug_frame   0x00000850       0x2c c:/program files (x86)/microchip/xc32/v1.42/bin/bin/../../lib/gcc/pic32mx/4.8.3/../../../../pic32mx/lib\libpic32.a(default-general-exception-handler.o)
 .debug_frame   0x0000087c       0x84 c:/program files (x86)/microchip/xc32/v1.42/bin/bin/../../lib/gcc/pic32mx/4.8.3/../../../../pic32mx/lib\libpic32.a(sbrk.o)

.debug_str      0x00000000       0x5a
 *(.debug_str)
 .debug_str     0x00000000        0x0 c:/program files (x86)/microchip/xc32/v1.42/bin/bin/../../lib/gcc/pic32mx/4.8.3/../../../../pic32mx/lib\software-debug-break.o
 .debug_str     0x00000000        0x0 build/default/debug/main.o
 .debug_str     0x00000000       0x53 build/default/debug/GPUCore/GPUCore.o
 .debug_str     0x00000053        0x0 build/default/debug/IOCore/IOCore.o
 .debug_str     0x00000053        0x7 build/default/debug/HALCore/HALCore.o
 .debug_str     0x0000005a        0x0 build/default/debug/Tennis.o
 .debug_str     0x0000005a        0x0 c:/program files (x86)/microchip/xc32/v1.42/bin/bin/../../lib/gcc/pic32mx/4.8.3/../../../../pic32mx/lib\libpic32.a(default-bootstrap-exception-handler.o)
 .debug_str     0x0000005a        0x0 c:/program files (x86)/microchip/xc32/v1.42/bin/bin/../../lib/gcc/pic32mx/4.8.3/../../../../pic32mx/lib\libpic32.a(default-on-reset.o)
 .debug_str     0x0000005a        0x0 c:/program files (x86)/microchip/xc32/v1.42/bin/bin/../../lib/gcc/pic32mx/4.8.3/../../../../pic32mx/lib\libpic32.a(default-on-bootstrap.o)
 .debug_str     0x0000005a        0x0 c:/program files (x86)/microchip/xc32/v1.42/bin/bin/../../lib/gcc/pic32mx/4.8.3/../../../../pic32mx/lib\libpic32.a(default-general-exception-handler.o)
 .debug_str     0x0000005a        0x0 c:/program files (x86)/microchip/xc32/v1.42/bin/bin/../../lib/gcc/pic32mx/4.8.3/../../../../pic32mx/lib\libpic32.a(sbrk.o)

.debug_loc      0x00000000     0x2363
 *(.debug_loc)
 .debug_loc     0x00000000       0x38 build/default/debug/main.o
 .debug_loc     0x00000038     0x1089 build/default/debug/GPUCore/GPUCore.o
 .debug_loc     0x000010c1      0x25c build/default/debug/IOCore/IOCore.o
 .debug_loc     0x0000131d      0xa17 build/default/debug/HALCore/HALCore.o
 .debug_loc     0x00001d34      0x62f build/default/debug/Tennis.o

.debug_macinfo
 *(.debug_macinfo)

.debug_weaknames
 *(.debug_weaknames)

.debug_funcnames
 *(.debug_funcnames)

.debug_typenames
 *(.debug_typenames)

.debug_varnames
 *(.debug_varnames)

.debug_pubtypes
 *(.debug_pubtypes)

.debug_ranges   0x00000000      0x170
 *(.debug_ranges)
 .debug_ranges  0x00000000       0x10 c:/program files (x86)/microchip/xc32/v1.42/bin/bin/../../lib/gcc/pic32mx/4.8.3/../../../../pic32mx/lib\software-debug-break.o
 .debug_ranges  0x00000010       0xb8 build/default/debug/HALCore/HALCore.o
 .debug_ranges  0x000000c8       0x38 build/default/debug/Tennis.o
 .debug_ranges  0x00000100       0x10 c:/program files (x86)/microchip/xc32/v1.42/bin/bin/../../lib/gcc/pic32mx/4.8.3/../../../../pic32mx/lib\libpic32.a(default-bootstrap-exception-handler.o)
 .debug_ranges  0x00000110       0x10 c:/program files (x86)/microchip/xc32/v1.42/bin/bin/../../lib/gcc/pic32mx/4.8.3/../../../../pic32mx/lib\libpic32.a(default-on-reset.o)
 .debug_ranges  0x00000120       0x10 c:/program files (x86)/microchip/xc32/v1.42/bin/bin/../../lib/gcc/pic32mx/4.8.3/../../../../pic32mx/lib\libpic32.a(default-on-bootstrap.o)
 .debug_ranges  0x00000130       0x10 c:/program files (x86)/microchip/xc32/v1.42/bin/bin/../../lib/gcc/pic32mx/4.8.3/../../../../pic32mx/lib\libpic32.a(default-general-exception-handler.o)
 .debug_ranges  0x00000140       0x30 c:/program files (x86)/microchip/xc32/v1.42/bin/bin/../../lib/gcc/pic32mx/4.8.3/../../../../pic32mx/lib\libpic32.a(sbrk.o)

.gnu.attributes
                0x00000000       0x10
 *(.gnu.attributes)
 .gnu.attributes
                0x00000000       0x10 c:/program files (x86)/microchip/xc32/v1.42/bin/bin/../../lib/gcc/pic32mx/4.8.3/../../../../pic32mx/lib\software-debug-break.o
 .gnu.attributes
                0x00000010       0x10 build/default/debug/main.o
 .gnu.attributes
                0x00000020       0x10 build/default/debug/GPUCore/GPUCore.o
 .gnu.attributes
                0x00000030       0x10 build/default/debug/IOCore/IOCore.o
 .gnu.attributes
                0x00000040       0x10 build/default/debug/HALCore/HALCore.o
 .gnu.attributes
                0x00000050       0x10 build/default/debug/Tennis.o
 .gnu.attributes
                0x00000060       0x10 c:/program files (x86)/microchip/xc32/v1.42/bin/bin/../../lib/gcc/pic32mx/4.8.3/../../../../pic32mx/lib\libpic32.a(default-bootstrap-exception-handler.o)
 .gnu.attributes
                0x00000070       0x10 c:/program files (x86)/microchip/xc32/v1.42/bin/bin/../../lib/gcc/pic32mx/4.8.3/../../../../pic32mx/lib\libpic32.a(default-on-reset.o)
 .gnu.attributes
                0x00000080       0x10 c:/program files (x86)/microchip/xc32/v1.42/bin/bin/../../lib/gcc/pic32mx/4.8.3/../../../../pic32mx/lib\libpic32.a(default-on-bootstrap.o)
 .gnu.attributes
                0x00000090       0x10 c:/program files (x86)/microchip/xc32/v1.42/bin/bin/../../lib/gcc/pic32mx/4.8.3/../../../../pic32mx/lib\libpic32.a(default-general-exception-handler.o)
 .gnu.attributes
                0x000000a0       0x10 c:/program files (x86)/microchip/xc32/v1.42/bin/bin/../../lib/gcc/pic32mx/4.8.3/../../../../pic32mx/lib\liblega-c.a(malloc.o)
 .gnu.attributes
                0x000000b0       0x10 c:/program files (x86)/microchip/xc32/v1.42/bin/bin/../../lib/gcc/pic32mx/4.8.3/../../../../pic32mx/lib\liblega-c.a(errno.o)
 .gnu.attributes
                0x000000c0       0x10 c:/program files (x86)/microchip/xc32/v1.42/bin/bin/../../lib/gcc/pic32mx/4.8.3/../../../../pic32mx/lib\libpic32.a(sbrk.o)
LOAD c:/program files (x86)/microchip/xc32/v1.42/bin/bin/../../lib/gcc/pic32mx/4.8.3\libgcc.a
START GROUP
LOAD c:/program files (x86)/microchip/xc32/v1.42/bin/bin/../../lib/gcc/pic32mx/4.8.3/../../../../pic32mx/lib\libpic32.a
LOAD c:/program files (x86)/microchip/xc32/v1.42/bin/bin/../../lib/gcc/pic32mx/4.8.3/../../../../pic32mx/lib\libdebug.a
LOAD c:/program files (x86)/microchip/xc32/v1.42/bin/bin/../../lib/gcc/pic32mx/4.8.3/../../../../pic32mx/lib\libpic32.a
LOAD c:/program files (x86)/microchip/xc32/v1.42/bin/bin/../../lib/gcc/pic32mx/4.8.3/../../../../pic32mx/lib\libm.a
LOAD c:/program files (x86)/microchip/xc32/v1.42/bin/bin/../../lib/gcc/pic32mx/4.8.3/../../../../pic32mx/lib\libe.a
LOAD c:/program files (x86)/microchip/xc32/v1.42/bin/bin/../../lib/gcc/pic32mx/4.8.3/../../../../pic32mx/lib\libdsp.a
LOAD c:/program files (x86)/microchip/xc32/v1.42/bin/bin/../../lib/gcc/pic32mx/4.8.3\libgcc.a
LOAD c:/program files (x86)/microchip/xc32/v1.42/bin/bin/../../lib/gcc/pic32mx/4.8.3/../../../../pic32mx/lib\liblega-c.a
LOAD c:/program files (x86)/microchip/xc32/v1.42/bin/bin/../../lib/gcc/pic32mx/4.8.3/../../../../pic32mx/lib\libpic32.a
END GROUP
LOAD c:/program files (x86)/microchip/xc32/v1.42/bin/bin/../../lib/gcc/pic32mx/4.8.3\libgcc.a
OUTPUT(dist/default/debug/Nexus.X.debug.elf elf32-tradlittlemips)
LOAD stack
LOAD data_init

.reginfo        0x00000000       0x18
 .reginfo       0x00000000       0x18 c:/program files (x86)/microchip/xc32/v1.42/bin/bin/../../lib/gcc/pic32mx/4.8.3/../../../../pic32mx/lib/./proc/32MX270F256B/crt0_mips32r2.o

.stack          0xa000d1c0      0x400
 .stack         0xa000d1c0      0x400 stack

_05de906058d1cd8e
                0xa0000500     0xc090
 _05de906058d1cd8e
                0xa0000500     0xc090 build/default/debug/GPUCore/GPUCore.o
                0xa0000500                __GPU

.data           0xa000c590      0x410
 .data          0xa000c590      0x410 c:/program files (x86)/microchip/xc32/v1.42/bin/bin/../../lib/gcc/pic32mx/4.8.3/../../../../pic32mx/lib\liblega-c.a(malloc.o)
                0xa000c590                malloc_sbrk_base
                0xa000c594                malloc_trim_threshold
                0xa000c598                malloc_av_

.bss            0xa0000234       0x58
 .bss           0xa0000234       0x34 c:/program files (x86)/microchip/xc32/v1.42/bin/bin/../../lib/gcc/pic32mx/4.8.3/../../../../pic32mx/lib\liblega-c.a(malloc.o)
                0xa0000234                malloc_current_mallinfo
                0xa000025c                malloc_max_total_mem
                0xa0000260                malloc_max_sbrked_mem
                0xa0000264                malloc_top_pad
 .bss           0xa0000268       0x24 c:/program files (x86)/microchip/xc32/v1.42/bin/bin/../../lib/gcc/pic32mx/4.8.3/../../../../pic32mx/lib\libpic32.a(sbrk.o)
                0xa0000284                _maxbrk
                0xa0000288                _minbrk

.data           0x00000000        0x0
 .data          0x00000000        0x0 c:/program files (x86)/microchip/xc32/v1.42/bin/bin/../../lib/gcc/pic32mx/4.8.3/../../../../pic32mx/lib\libpic32.a(sbrk.o)

.bss            0x00000000        0x0
 .bss           0x00000000        0x0 c:/program files (x86)/microchip/xc32/v1.42/bin/bin/../../lib/gcc/pic32mx/4.8.3/../../../../pic32mx/lib\liblega-c.a(errno.o)

.data           0x00000000        0x0
 .data          0x00000000        0x0 c:/program files (x86)/microchip/xc32/v1.42/bin/bin/../../lib/gcc/pic32mx/4.8.3/../../../../pic32mx/lib\liblega-c.a(errno.o)

.bss            0x00000000        0x0
 .bss           0x00000000        0x0 c:/program files (x86)/microchip/xc32/v1.42/bin/bin/../../lib/gcc/pic32mx/4.8.3/../../../../pic32mx/lib\libpic32.a(default-general-exception-handler.o)

.data           0x00000000        0x0
 .data          0x00000000        0x0 c:/program files (x86)/microchip/xc32/v1.42/bin/bin/../../lib/gcc/pic32mx/4.8.3/../../../../pic32mx/lib\libpic32.a(default-general-exception-handler.o)

.bss            0x00000000        0x0
 .bss           0x00000000        0x0 c:/program files (x86)/microchip/xc32/v1.42/bin/bin/../../lib/gcc/pic32mx/4.8.3/../../../../pic32mx/lib\libpic32.a(vector43.o)

.data           0x00000000        0x0
 .data          0x00000000        0x0 c:/program files (x86)/microchip/xc32/v1.42/bin/bin/../../lib/gcc/pic32mx/4.8.3/../../../../pic32mx/lib\libpic32.a(vector43.o)

.bss            0x00000000        0x0
 .bss           0x00000000        0x0 c:/program files (x86)/microchip/xc32/v1.42/bin/bin/../../lib/gcc/pic32mx/4.8.3/../../../../pic32mx/lib\libpic32.a(vector42.o)

.data           0x00000000        0x0
 .data          0x00000000        0x0 c:/program files (x86)/microchip/xc32/v1.42/bin/bin/../../lib/gcc/pic32mx/4.8.3/../../../../pic32mx/lib\libpic32.a(vector42.o)

.bss            0x00000000        0x0
 .bss           0x00000000        0x0 c:/program files (x86)/microchip/xc32/v1.42/bin/bin/../../lib/gcc/pic32mx/4.8.3/../../../../pic32mx/lib\libpic32.a(vector41.o)

.data           0x00000000        0x0
 .data          0x00000000        0x0 c:/program files (x86)/microchip/xc32/v1.42/bin/bin/../../lib/gcc/pic32mx/4.8.3/../../../../pic32mx/lib\libpic32.a(vector41.o)

.bss            0x00000000        0x0
 .bss           0x00000000        0x0 c:/program files (x86)/microchip/xc32/v1.42/bin/bin/../../lib/gcc/pic32mx/4.8.3/../../../../pic32mx/lib\libpic32.a(vector40.o)

.data           0x00000000        0x0
 .data          0x00000000        0x0 c:/program files (x86)/microchip/xc32/v1.42/bin/bin/../../lib/gcc/pic32mx/4.8.3/../../../../pic32mx/lib\libpic32.a(vector40.o)

.bss            0x00000000        0x0
 .bss           0x00000000        0x0 c:/program files (x86)/microchip/xc32/v1.42/bin/bin/../../lib/gcc/pic32mx/4.8.3/../../../../pic32mx/lib\libpic32.a(vector39.o)

.data           0x00000000        0x0
 .data          0x00000000        0x0 c:/program files (x86)/microchip/xc32/v1.42/bin/bin/../../lib/gcc/pic32mx/4.8.3/../../../../pic32mx/lib\libpic32.a(vector39.o)

.bss            0x00000000        0x0
 .bss           0x00000000        0x0 c:/program files (x86)/microchip/xc32/v1.42/bin/bin/../../lib/gcc/pic32mx/4.8.3/../../../../pic32mx/lib\libpic32.a(vector38.o)

.data           0x00000000        0x0
 .data          0x00000000        0x0 c:/program files (x86)/microchip/xc32/v1.42/bin/bin/../../lib/gcc/pic32mx/4.8.3/../../../../pic32mx/lib\libpic32.a(vector38.o)

.bss            0x00000000        0x0
 .bss           0x00000000        0x0 c:/program files (x86)/microchip/xc32/v1.42/bin/bin/../../lib/gcc/pic32mx/4.8.3/../../../../pic32mx/lib\libpic32.a(vector37.o)

.data           0x00000000        0x0
 .data          0x00000000        0x0 c:/program files (x86)/microchip/xc32/v1.42/bin/bin/../../lib/gcc/pic32mx/4.8.3/../../../../pic32mx/lib\libpic32.a(vector37.o)

.bss            0x00000000        0x0
 .bss           0x00000000        0x0 c:/program files (x86)/microchip/xc32/v1.42/bin/bin/../../lib/gcc/pic32mx/4.8.3/../../../../pic32mx/lib\libpic32.a(vector36.o)

.data           0x00000000        0x0
 .data          0x00000000        0x0 c:/program files (x86)/microchip/xc32/v1.42/bin/bin/../../lib/gcc/pic32mx/4.8.3/../../../../pic32mx/lib\libpic32.a(vector36.o)

.bss            0x00000000        0x0
 .bss           0x00000000        0x0 c:/program files (x86)/microchip/xc32/v1.42/bin/bin/../../lib/gcc/pic32mx/4.8.3/../../../../pic32mx/lib\libpic32.a(vector35.o)

.data           0x00000000        0x0
 .data          0x00000000        0x0 c:/program files (x86)/microchip/xc32/v1.42/bin/bin/../../lib/gcc/pic32mx/4.8.3/../../../../pic32mx/lib\libpic32.a(vector35.o)

.bss            0x00000000        0x0
 .bss           0x00000000        0x0 c:/program files (x86)/microchip/xc32/v1.42/bin/bin/../../lib/gcc/pic32mx/4.8.3/../../../../pic32mx/lib\libpic32.a(vector34.o)

.data           0x00000000        0x0
 .data          0x00000000        0x0 c:/program files (x86)/microchip/xc32/v1.42/bin/bin/../../lib/gcc/pic32mx/4.8.3/../../../../pic32mx/lib\libpic32.a(vector34.o)

.bss            0x00000000        0x0
 .bss           0x00000000        0x0 c:/program files (x86)/microchip/xc32/v1.42/bin/bin/../../lib/gcc/pic32mx/4.8.3/../../../../pic32mx/lib\libpic32.a(vector33.o)

.data           0x00000000        0x0
 .data          0x00000000        0x0 c:/program files (x86)/microchip/xc32/v1.42/bin/bin/../../lib/gcc/pic32mx/4.8.3/../../../../pic32mx/lib\libpic32.a(vector33.o)

.bss            0x00000000        0x0
 .bss           0x00000000        0x0 c:/program files (x86)/microchip/xc32/v1.42/bin/bin/../../lib/gcc/pic32mx/4.8.3/../../../../pic32mx/lib\libpic32.a(vector32.o)

.data           0x00000000        0x0
 .data          0x00000000        0x0 c:/program files (x86)/microchip/xc32/v1.42/bin/bin/../../lib/gcc/pic32mx/4.8.3/../../../../pic32mx/lib\libpic32.a(vector32.o)

.bss            0x00000000        0x0
 .bss           0x00000000        0x0 c:/program files (x86)/microchip/xc32/v1.42/bin/bin/../../lib/gcc/pic32mx/4.8.3/../../../../pic32mx/lib\libpic32.a(vector31.o)

.data           0x00000000        0x0
 .data          0x00000000        0x0 c:/program files (x86)/microchip/xc32/v1.42/bin/bin/../../lib/gcc/pic32mx/4.8.3/../../../../pic32mx/lib\libpic32.a(vector31.o)

.bss            0x00000000        0x0
 .bss           0x00000000        0x0 c:/program files (x86)/microchip/xc32/v1.42/bin/bin/../../lib/gcc/pic32mx/4.8.3/../../../../pic32mx/lib\libpic32.a(vector30.o)

.data           0x00000000        0x0
 .data          0x00000000        0x0 c:/program files (x86)/microchip/xc32/v1.42/bin/bin/../../lib/gcc/pic32mx/4.8.3/../../../../pic32mx/lib\libpic32.a(vector30.o)

.bss            0x00000000        0x0
 .bss           0x00000000        0x0 c:/program files (x86)/microchip/xc32/v1.42/bin/bin/../../lib/gcc/pic32mx/4.8.3/../../../../pic32mx/lib\libpic32.a(vector29.o)

.data           0x00000000        0x0
 .data          0x00000000        0x0 c:/program files (x86)/microchip/xc32/v1.42/bin/bin/../../lib/gcc/pic32mx/4.8.3/../../../../pic32mx/lib\libpic32.a(vector29.o)

.bss            0x00000000        0x0
 .bss           0x00000000        0x0 c:/program files (x86)/microchip/xc32/v1.42/bin/bin/../../lib/gcc/pic32mx/4.8.3/../../../../pic32mx/lib\libpic32.a(vector28.o)

.data           0x00000000        0x0
 .data          0x00000000        0x0 c:/program files (x86)/microchip/xc32/v1.42/bin/bin/../../lib/gcc/pic32mx/4.8.3/../../../../pic32mx/lib\libpic32.a(vector28.o)

.bss            0x00000000        0x0
 .bss           0x00000000        0x0 c:/program files (x86)/microchip/xc32/v1.42/bin/bin/../../lib/gcc/pic32mx/4.8.3/../../../../pic32mx/lib\libpic32.a(vector27.o)

.data           0x00000000        0x0
 .data          0x00000000        0x0 c:/program files (x86)/microchip/xc32/v1.42/bin/bin/../../lib/gcc/pic32mx/4.8.3/../../../../pic32mx/lib\libpic32.a(vector27.o)

.bss            0x00000000        0x0
 .bss           0x00000000        0x0 c:/program files (x86)/microchip/xc32/v1.42/bin/bin/../../lib/gcc/pic32mx/4.8.3/../../../../pic32mx/lib\libpic32.a(vector26.o)

.data           0x00000000        0x0
 .data          0x00000000        0x0 c:/program files (x86)/microchip/xc32/v1.42/bin/bin/../../lib/gcc/pic32mx/4.8.3/../../../../pic32mx/lib\libpic32.a(vector26.o)

.bss            0x00000000        0x0
 .bss           0x00000000        0x0 c:/program files (x86)/microchip/xc32/v1.42/bin/bin/../../lib/gcc/pic32mx/4.8.3/../../../../pic32mx/lib\libpic32.a(vector25.o)

.data           0x00000000        0x0
 .data          0x00000000        0x0 c:/program files (x86)/microchip/xc32/v1.42/bin/bin/../../lib/gcc/pic32mx/4.8.3/../../../../pic32mx/lib\libpic32.a(vector25.o)

.bss            0x00000000        0x0
 .bss           0x00000000        0x0 c:/program files (x86)/microchip/xc32/v1.42/bin/bin/../../lib/gcc/pic32mx/4.8.3/../../../../pic32mx/lib\libpic32.a(vector24.o)

.data           0x00000000        0x0
 .data          0x00000000        0x0 c:/program files (x86)/microchip/xc32/v1.42/bin/bin/../../lib/gcc/pic32mx/4.8.3/../../../../pic32mx/lib\libpic32.a(vector24.o)

.bss            0x00000000        0x0
 .bss           0x00000000        0x0 c:/program files (x86)/microchip/xc32/v1.42/bin/bin/../../lib/gcc/pic32mx/4.8.3/../../../../pic32mx/lib\libpic32.a(vector23.o)

.data           0x00000000        0x0
 .data          0x00000000        0x0 c:/program files (x86)/microchip/xc32/v1.42/bin/bin/../../lib/gcc/pic32mx/4.8.3/../../../../pic32mx/lib\libpic32.a(vector23.o)

.bss            0x00000000        0x0
 .bss           0x00000000        0x0 c:/program files (x86)/microchip/xc32/v1.42/bin/bin/../../lib/gcc/pic32mx/4.8.3/../../../../pic32mx/lib\libpic32.a(vector22.o)

.data           0x00000000        0x0
 .data          0x00000000        0x0 c:/program files (x86)/microchip/xc32/v1.42/bin/bin/../../lib/gcc/pic32mx/4.8.3/../../../../pic32mx/lib\libpic32.a(vector22.o)

.bss            0x00000000        0x0
 .bss           0x00000000        0x0 c:/program files (x86)/microchip/xc32/v1.42/bin/bin/../../lib/gcc/pic32mx/4.8.3/../../../../pic32mx/lib\libpic32.a(vector21.o)

.data           0x00000000        0x0
 .data          0x00000000        0x0 c:/program files (x86)/microchip/xc32/v1.42/bin/bin/../../lib/gcc/pic32mx/4.8.3/../../../../pic32mx/lib\libpic32.a(vector21.o)

.bss            0x00000000        0x0
 .bss           0x00000000        0x0 c:/program files (x86)/microchip/xc32/v1.42/bin/bin/../../lib/gcc/pic32mx/4.8.3/../../../../pic32mx/lib\libpic32.a(vector20.o)

.data           0x00000000        0x0
 .data          0x00000000        0x0 c:/program files (x86)/microchip/xc32/v1.42/bin/bin/../../lib/gcc/pic32mx/4.8.3/../../../../pic32mx/lib\libpic32.a(vector20.o)

.bss            0x00000000        0x0
 .bss           0x00000000        0x0 c:/program files (x86)/microchip/xc32/v1.42/bin/bin/../../lib/gcc/pic32mx/4.8.3/../../../../pic32mx/lib\libpic32.a(vector19.o)

.data           0x00000000        0x0
 .data          0x00000000        0x0 c:/program files (x86)/microchip/xc32/v1.42/bin/bin/../../lib/gcc/pic32mx/4.8.3/../../../../pic32mx/lib\libpic32.a(vector19.o)

.bss            0x00000000        0x0
 .bss           0x00000000        0x0 c:/program files (x86)/microchip/xc32/v1.42/bin/bin/../../lib/gcc/pic32mx/4.8.3/../../../../pic32mx/lib\libpic32.a(vector18.o)

.data           0x00000000        0x0
 .data          0x00000000        0x0 c:/program files (x86)/microchip/xc32/v1.42/bin/bin/../../lib/gcc/pic32mx/4.8.3/../../../../pic32mx/lib\libpic32.a(vector18.o)

.bss            0x00000000        0x0
 .bss           0x00000000        0x0 c:/program files (x86)/microchip/xc32/v1.42/bin/bin/../../lib/gcc/pic32mx/4.8.3/../../../../pic32mx/lib\libpic32.a(vector17.o)

.data           0x00000000        0x0
 .data          0x00000000        0x0 c:/program files (x86)/microchip/xc32/v1.42/bin/bin/../../lib/gcc/pic32mx/4.8.3/../../../../pic32mx/lib\libpic32.a(vector17.o)

.bss            0x00000000        0x0
 .bss           0x00000000        0x0 c:/program files (x86)/microchip/xc32/v1.42/bin/bin/../../lib/gcc/pic32mx/4.8.3/../../../../pic32mx/lib\libpic32.a(vector16.o)

.data           0x00000000        0x0
 .data          0x00000000        0x0 c:/program files (x86)/microchip/xc32/v1.42/bin/bin/../../lib/gcc/pic32mx/4.8.3/../../../../pic32mx/lib\libpic32.a(vector16.o)

.bss            0x00000000        0x0
 .bss           0x00000000        0x0 c:/program files (x86)/microchip/xc32/v1.42/bin/bin/../../lib/gcc/pic32mx/4.8.3/../../../../pic32mx/lib\libpic32.a(vector15.o)

.data           0x00000000        0x0
 .data          0x00000000        0x0 c:/program files (x86)/microchip/xc32/v1.42/bin/bin/../../lib/gcc/pic32mx/4.8.3/../../../../pic32mx/lib\libpic32.a(vector15.o)

.bss            0x00000000        0x0
 .bss           0x00000000        0x0 c:/program files (x86)/microchip/xc32/v1.42/bin/bin/../../lib/gcc/pic32mx/4.8.3/../../../../pic32mx/lib\libpic32.a(vector14.o)

.data           0x00000000        0x0
 .data          0x00000000        0x0 c:/program files (x86)/microchip/xc32/v1.42/bin/bin/../../lib/gcc/pic32mx/4.8.3/../../../../pic32mx/lib\libpic32.a(vector14.o)

.bss            0x00000000        0x0
 .bss           0x00000000        0x0 c:/program files (x86)/microchip/xc32/v1.42/bin/bin/../../lib/gcc/pic32mx/4.8.3/../../../../pic32mx/lib\libpic32.a(vector13.o)

.data           0x00000000        0x0
 .data          0x00000000        0x0 c:/program files (x86)/microchip/xc32/v1.42/bin/bin/../../lib/gcc/pic32mx/4.8.3/../../../../pic32mx/lib\libpic32.a(vector13.o)

.bss            0x00000000        0x0
 .bss           0x00000000        0x0 c:/program files (x86)/microchip/xc32/v1.42/bin/bin/../../lib/gcc/pic32mx/4.8.3/../../../../pic32mx/lib\libpic32.a(vector12.o)

.data           0x00000000        0x0
 .data          0x00000000        0x0 c:/program files (x86)/microchip/xc32/v1.42/bin/bin/../../lib/gcc/pic32mx/4.8.3/../../../../pic32mx/lib\libpic32.a(vector12.o)

.bss            0x00000000        0x0
 .bss           0x00000000        0x0 c:/program files (x86)/microchip/xc32/v1.42/bin/bin/../../lib/gcc/pic32mx/4.8.3/../../../../pic32mx/lib\libpic32.a(vector11.o)

.data           0x00000000        0x0
 .data          0x00000000        0x0 c:/program files (x86)/microchip/xc32/v1.42/bin/bin/../../lib/gcc/pic32mx/4.8.3/../../../../pic32mx/lib\libpic32.a(vector11.o)

.bss            0x00000000        0x0
 .bss           0x00000000        0x0 c:/program files (x86)/microchip/xc32/v1.42/bin/bin/../../lib/gcc/pic32mx/4.8.3/../../../../pic32mx/lib\libpic32.a(vector10.o)

.data           0x00000000        0x0
 .data          0x00000000        0x0 c:/program files (x86)/microchip/xc32/v1.42/bin/bin/../../lib/gcc/pic32mx/4.8.3/../../../../pic32mx/lib\libpic32.a(vector10.o)

.bss            0x00000000        0x0
 .bss           0x00000000        0x0 c:/program files (x86)/microchip/xc32/v1.42/bin/bin/../../lib/gcc/pic32mx/4.8.3/../../../../pic32mx/lib\libpic32.a(vector9.o)

.data           0x00000000        0x0
 .data          0x00000000        0x0 c:/program files (x86)/microchip/xc32/v1.42/bin/bin/../../lib/gcc/pic32mx/4.8.3/../../../../pic32mx/lib\libpic32.a(vector9.o)

.bss            0x00000000        0x0
 .bss           0x00000000        0x0 c:/program files (x86)/microchip/xc32/v1.42/bin/bin/../../lib/gcc/pic32mx/4.8.3/../../../../pic32mx/lib\libpic32.a(vector8.o)

.data           0x00000000        0x0
 .data          0x00000000        0x0 c:/program files (x86)/microchip/xc32/v1.42/bin/bin/../../lib/gcc/pic32mx/4.8.3/../../../../pic32mx/lib\libpic32.a(vector8.o)

.bss            0x00000000        0x0
 .bss           0x00000000        0x0 c:/program files (x86)/microchip/xc32/v1.42/bin/bin/../../lib/gcc/pic32mx/4.8.3/../../../../pic32mx/lib\libpic32.a(vector7.o)

.data           0x00000000        0x0
 .data          0x00000000        0x0 c:/program files (x86)/microchip/xc32/v1.42/bin/bin/../../lib/gcc/pic32mx/4.8.3/../../../../pic32mx/lib\libpic32.a(vector7.o)

.bss            0x00000000        0x0
 .bss           0x00000000        0x0 c:/program files (x86)/microchip/xc32/v1.42/bin/bin/../../lib/gcc/pic32mx/4.8.3/../../../../pic32mx/lib\libpic32.a(vector6.o)

.data           0x00000000        0x0
 .data          0x00000000        0x0 c:/program files (x86)/microchip/xc32/v1.42/bin/bin/../../lib/gcc/pic32mx/4.8.3/../../../../pic32mx/lib\libpic32.a(vector6.o)

.bss            0x00000000        0x0
 .bss           0x00000000        0x0 c:/program files (x86)/microchip/xc32/v1.42/bin/bin/../../lib/gcc/pic32mx/4.8.3/../../../../pic32mx/lib\libpic32.a(vector5.o)

.data           0x00000000        0x0
 .data          0x00000000        0x0 c:/program files (x86)/microchip/xc32/v1.42/bin/bin/../../lib/gcc/pic32mx/4.8.3/../../../../pic32mx/lib\libpic32.a(vector5.o)

.bss            0x00000000        0x0
 .bss           0x00000000        0x0 c:/program files (x86)/microchip/xc32/v1.42/bin/bin/../../lib/gcc/pic32mx/4.8.3/../../../../pic32mx/lib\libpic32.a(vector4.o)

.data           0x00000000        0x0
 .data          0x00000000        0x0 c:/program files (x86)/microchip/xc32/v1.42/bin/bin/../../lib/gcc/pic32mx/4.8.3/../../../../pic32mx/lib\libpic32.a(vector4.o)

.bss            0x00000000        0x0
 .bss           0x00000000        0x0 c:/program files (x86)/microchip/xc32/v1.42/bin/bin/../../lib/gcc/pic32mx/4.8.3/../../../../pic32mx/lib\libpic32.a(vector2.o)

.data           0x00000000        0x0
 .data          0x00000000        0x0 c:/program files (x86)/microchip/xc32/v1.42/bin/bin/../../lib/gcc/pic32mx/4.8.3/../../../../pic32mx/lib\libpic32.a(vector2.o)

.bss            0x00000000        0x0
 .bss           0x00000000        0x0 c:/program files (x86)/microchip/xc32/v1.42/bin/bin/../../lib/gcc/pic32mx/4.8.3/../../../../pic32mx/lib\libpic32.a(vector1.o)

.data           0x00000000        0x0
 .data          0x00000000        0x0 c:/program files (x86)/microchip/xc32/v1.42/bin/bin/../../lib/gcc/pic32mx/4.8.3/../../../../pic32mx/lib\libpic32.a(vector1.o)

.bss            0x00000000        0x0
 .bss           0x00000000        0x0 c:/program files (x86)/microchip/xc32/v1.42/bin/bin/../../lib/gcc/pic32mx/4.8.3/../../../../pic32mx/lib\libpic32.a(vector0.o)

.data           0x00000000        0x0
 .data          0x00000000        0x0 c:/program files (x86)/microchip/xc32/v1.42/bin/bin/../../lib/gcc/pic32mx/4.8.3/../../../../pic32mx/lib\libpic32.a(vector0.o)

.bss            0x00000000        0x0
 .bss           0x00000000        0x0 c:/program files (x86)/microchip/xc32/v1.42/bin/bin/../../lib/gcc/pic32mx/4.8.3/../../../../pic32mx/lib\libpic32.a(general-exception.o)

.data           0x00000000        0x0
 .data          0x00000000        0x0 c:/program files (x86)/microchip/xc32/v1.42/bin/bin/../../lib/gcc/pic32mx/4.8.3/../../../../pic32mx/lib\libpic32.a(general-exception.o)

.bss            0x00000000        0x0
 .bss           0x00000000        0x0 c:/program files (x86)/microchip/xc32/v1.42/bin/bin/../../lib/gcc/pic32mx/4.8.3/../../../../pic32mx/lib\libpic32.a(default-nmi-handler.o)

.data           0x00000000        0x0
 .data          0x00000000        0x0 c:/program files (x86)/microchip/xc32/v1.42/bin/bin/../../lib/gcc/pic32mx/4.8.3/../../../../pic32mx/lib\libpic32.a(default-nmi-handler.o)

.bss            0x00000000        0x0
 .bss           0x00000000        0x0 c:/program files (x86)/microchip/xc32/v1.42/bin/bin/../../lib/gcc/pic32mx/4.8.3/../../../../pic32mx/lib\libpic32.a(default-on-bootstrap.o)

.data           0x00000000        0x0
 .data          0x00000000        0x0 c:/program files (x86)/microchip/xc32/v1.42/bin/bin/../../lib/gcc/pic32mx/4.8.3/../../../../pic32mx/lib\libpic32.a(default-on-bootstrap.o)

.bss            0x00000000        0x0
 .bss           0x00000000        0x0 c:/program files (x86)/microchip/xc32/v1.42/bin/bin/../../lib/gcc/pic32mx/4.8.3/../../../../pic32mx/lib\libpic32.a(default-on-reset.o)

.data           0x00000000        0x0
 .data          0x00000000        0x0 c:/program files (x86)/microchip/xc32/v1.42/bin/bin/../../lib/gcc/pic32mx/4.8.3/../../../../pic32mx/lib\libpic32.a(default-on-reset.o)

.bss            0x00000000        0x0
 .bss           0x00000000        0x0 c:/program files (x86)/microchip/xc32/v1.42/bin/bin/../../lib/gcc/pic32mx/4.8.3/../../../../pic32mx/lib\libpic32.a(default-bootstrap-exception-handler.o)

.data           0x00000000        0x0
 .data          0x00000000        0x0 c:/program files (x86)/microchip/xc32/v1.42/bin/bin/../../lib/gcc/pic32mx/4.8.3/../../../../pic32mx/lib\libpic32.a(default-bootstrap-exception-handler.o)

.bss            0x00000000        0x0
 .bss           0x00000000        0x0 c:/program files (x86)/microchip/xc32/v1.42/bin/bin/../../lib/gcc/pic32mx/4.8.3/../../../../pic32mx/lib\libpic32.a(memset.o)

.data           0x00000000        0x0
 .data          0x00000000        0x0 c:/program files (x86)/microchip/xc32/v1.42/bin/bin/../../lib/gcc/pic32mx/4.8.3/../../../../pic32mx/lib\libpic32.a(memset.o)

.bss            0x00000000        0x0
 .bss           0x00000000        0x0 c:/program files (x86)/microchip/xc32/v1.42/bin/bin/../../lib/gcc/pic32mx/4.8.3/../../../../pic32mx/lib\libpic32.a(memcpy.o)

.data           0x00000000        0x0
 .data          0x00000000        0x0 c:/program files (x86)/microchip/xc32/v1.42/bin/bin/../../lib/gcc/pic32mx/4.8.3/../../../../pic32mx/lib\libpic32.a(memcpy.o)

.bss            0x00000000        0x0
 .bss           0x00000000        0x0 c:/program files (x86)/microchip/xc32/v1.42/bin/bin/../../lib/gcc/pic32mx/4.8.3/../../../../pic32mx/lib/./proc/32MX270F256B\processor.o

.data           0x00000000        0x0
 .data          0x00000000        0x0 c:/program files (x86)/microchip/xc32/v1.42/bin/bin/../../lib/gcc/pic32mx/4.8.3/../../../../pic32mx/lib/./proc/32MX270F256B\processor.o

.bss            0x00000000        0x0
 .bss           0x00000000        0x0 c:/program files (x86)/microchip/xc32/v1.42/bin/bin/../../lib/gcc/pic32mx/4.8.3/../../../../pic32mx/lib\pic32_software_reset.o

.data           0x00000000        0x0
 .data          0x00000000        0x0 c:/program files (x86)/microchip/xc32/v1.42/bin/bin/../../lib/gcc/pic32mx/4.8.3/../../../../pic32mx/lib\pic32_software_reset.o

.bss            0x00000000        0x0
 .bss           0x00000000        0x0 c:/program files (x86)/microchip/xc32/v1.42/bin/bin/../../lib/gcc/pic32mx/4.8.3/../../../../pic32mx/lib/./proc/32MX270F256B\default_isr_vectors.o

.data           0x00000000        0x0
 .data          0x00000000        0x0 c:/program files (x86)/microchip/xc32/v1.42/bin/bin/../../lib/gcc/pic32mx/4.8.3/../../../../pic32mx/lib/./proc/32MX270F256B\default_isr_vectors.o

.bss            0x00000000        0x0
 .bss           0x00000000        0x0 build/default/debug/Tennis.o

.data           0x00000000        0x0
 .data          0x00000000        0x0 build/default/debug/Tennis.o

.bss            0x00000000        0x0
 .bss           0x00000000        0x0 build/default/debug/HALCore/HALCore.o

.data           0x00000000        0x0
 .data          0x00000000        0x0 build/default/debug/HALCore/HALCore.o

.bss            0x00000000        0x0
 .bss           0x00000000        0x0 build/default/debug/IOCore/IOCore.o

.data           0x00000000        0x0
 .data          0x00000000        0x0 build/default/debug/IOCore/IOCore.o

.bss            0x00000000        0x0
 .bss           0x00000000        0x0 build/default/debug/GPUCore/GPUCore.o

.data           0x00000000        0x0
 .data          0x00000000        0x0 build/default/debug/GPUCore/GPUCore.o

.bss            0x00000000        0x0
 .bss           0x00000000        0x0 build/default/debug/main.o

.data           0x00000000        0x0
 .data          0x00000000        0x0 build/default/debug/main.o

.bss            0x00000000        0x0
 .bss           0x00000000        0x0 c:/program files (x86)/microchip/xc32/v1.42/bin/bin/../../lib/gcc/pic32mx/4.8.3/../../../../pic32mx/lib\software-debug-break.o

.data           0x00000000        0x0
 .data          0x00000000        0x0 c:/program files (x86)/microchip/xc32/v1.42/bin/bin/../../lib/gcc/pic32mx/4.8.3/../../../../pic32mx/lib\software-debug-break.o

.bss            0x00000000        0x0
 .bss           0x00000000        0x0 c:/program files (x86)/microchip/xc32/v1.42/bin/bin/../../lib/gcc/pic32mx/4.8.3/../../../../pic32mx/lib/./proc/32MX270F256B/crt0_mips32r2.o

.data           0x00000000        0x0
 .data          0x00000000        0x0 c:/program files (x86)/microchip/xc32/v1.42/bin/bin/../../lib/gcc/pic32mx/4.8.3/../../../../pic32mx/lib/./proc/32MX270F256B/crt0_mips32r2.o

_05d9957858d1cd8e
                0x9d001b00       0x7c
 _05d9957858d1cd8e
                0x9d001b00       0x7c build/default/debug/HALCore/HALCore.o
                0x9d001b00                addStatic

_0570ee1058d1cd8e
                0x9d001200       0x60
 _0570ee1058d1cd8e
                0x9d001200       0x60 build/default/debug/HALCore/HALCore.o
                0x9d001200                loadMap

_0570eed858d1cd8e
                0x9d001300       0x60
 _0570eed858d1cd8e
                0x9d001300       0x60 build/default/debug/HALCore/HALCore.o
                0x9d001300                loadTile

_05d9900058d1cd8e
                0x9d001400       0x60
 _05d9900058d1cd8e
                0x9d001400       0x60 build/default/debug/HALCore/HALCore.o
                0x9d001400                loadPalette

_05d990c858d1cd8e
                0x9d001500       0x60
 _05d990c858d1cd8e
                0x9d001500       0x60 build/default/debug/HALCore/HALCore.o
                0x9d001500                RGB

_05d994b058d1cd8e
                0x9d001a00       0x60
 _05d994b058d1cd8e
                0x9d001a00       0x60 build/default/debug/HALCore/HALCore.o
                0x9d001a00                addSprite

_05d9964058d1cd8e
                0x9d001c00       0x60
 _05d9964058d1cd8e
                0x9d001c00       0x60 build/default/debug/HALCore/HALCore.o
                0x9d001c00                spriteMove

_05d9970858d1cd8e
                0x9d001d00       0x60
 _05d9970858d1cd8e
                0x9d001d00       0x60 build/default/debug/HALCore/HALCore.o
                0x9d001d00                staticSet

_05d9989858d1cd8e
                0x9d001f00       0x60
 _05d9989858d1cd8e
                0x9d001f00       0x60 build/default/debug/HALCore/HALCore.o
                0x9d001f00                reorderAnimation

_05d9925858d1cd8e
                0x9d001700       0x48
 _05d9925858d1cd8e
                0x9d001700       0x48 build/default/debug/HALCore/HALCore.o
                0x9d001700                scroll

_05d997d058d1cd8e
                0x9d001e00       0x48
 _05d997d058d1cd8e
                0x9d001e00       0x48 build/default/debug/HALCore/HALCore.o
                0x9d001e00                spriteNext

_05d9996058d1cd8e
                0x9d002000       0x48
 _05d9996058d1cd8e
                0x9d002000       0x48 build/default/debug/HALCore/HALCore.o
                0x9d002000                init

_0570ec8058d1cd8e
                0x9d001000       0x40
 _0570ec8058d1cd8e
                0x9d001000       0x40 build/default/debug/HALCore/HALCore.o
                0x9d001000                newTile

_0570ed4858d1cd8e
                0x9d001100       0x40
 _0570ed4858d1cd8e
                0x9d001100       0x40 build/default/debug/HALCore/HALCore.o
                0x9d001100                newPalette

_05d9919058d1cd8e
                0x9d001600       0x38
 _05d9919058d1cd8e
                0x9d001600       0x38 build/default/debug/HALCore/HALCore.o
                0x9d001600                black

_05d9932058d1cd8e
                0x9d001800       0x38
 _05d9932058d1cd8e
                0x9d001800       0x38 build/default/debug/HALCore/HALCore.o
                0x9d001800                draw

_05d993e858d1cd8e
                0x9d001900       0x38
 _05d993e858d1cd8e
                0x9d001900       0x38 build/default/debug/HALCore/HALCore.o
                0x9d001900                run

_05d99a2858d1cd8e
                0x9d002100       0x34
 _05d99a2858d1cd8e
                0x9d002100       0x34 build/default/debug/HALCore/HALCore.o
                0x9d002100                HAL_button_0

_05d99af058d1cd8e
                0x9d002200       0x34
 _05d99af058d1cd8e
                0x9d002200       0x34 build/default/debug/HALCore/HALCore.o
                0x9d002200                HAL_button_1

_05d99bb858d1cd8e
                0x9d002300       0x34
 _05d99bb858d1cd8e
                0x9d002300       0x34 build/default/debug/HALCore/HALCore.o
                0x9d002300                HAL_button_2

_05d99c8058d1cd8e
                0x9d002400       0x34
 _05d99c8058d1cd8e
                0x9d002400       0x34 build/default/debug/HALCore/HALCore.o
                0x9d002400                HAL_button_3

_05d99d4858d1cd8e
                0x9d002500       0x34
 _05d99d4858d1cd8e
                0x9d002500       0x34 build/default/debug/HALCore/HALCore.o
                0x9d002500                HAL_button_INT

.text           0x9d007000     0x1fc4
 .text          0x9d007000     0x1fc4 build/default/debug/GPUCore/GPUCore.o
                0x9d007000                GPU_TFT_manufacturerCMD
                0x9d0071f4                GPU_TFT_init
                0x9d0074b8                GPU_drawablesRender
                0x9d0075d4                GPU_new
                0x9d007764                GPU_init
                0x9d0077ec                GPU_newTile
                0x9d00791c                GPU_newPalette
                0x9d007a1c                GPU_RGB
                0x9d007a94                GPU_loadMap
                0x9d007b5c                GPU_loadTile
                0x9d007ccc                GPU_loadPalette
                0x9d007e44                GPU_black
                0x9d007f54                GPU_scroll
                0x9d0080b0                GPU_draw
                0x9d00871c                GPU_run
                0x9d008778                GPU_spriteMove
                0x9d008994                GPU_spriteNext
                0x9d008a74                GPU_reorderAnimation
                0x9d008ad0                GPU_staticSet
                0x9d008b8c                GPU_addSprite
                0x9d008db0                GPU_addStatic

.text.malloc    0x9d008fc4      0x840
 .text.malloc   0x9d008fc4      0x840 c:/program files (x86)/microchip/xc32/v1.42/bin/bin/../../lib/gcc/pic32mx/4.8.3/../../../../pic32mx/lib\liblega-c.a(malloc.o)
                0x9d008fc4                malloc

.text           0x9d009804      0x650
 .text          0x9d009804      0x650 build/default/debug/IOCore/IOCore.o
                0x9d009804                SPI_transfer
                0x9d009854                SPI_writeCmd
                0x9d0098d8                SPI_writeData
                0x9d009960                SPI_init
                0x9d009a60                Event_init
                0x9d009c58                IO_init
                0x9d009ca0                CLICK_next
                0x9d009d04                _DefaultInterrupt

.dinit          0x9d009e54      0x450
 .dinit         0x9d009e54      0x450 data_init

.text           0x9d00a2a4      0x31c
 .text          0x9d00a2a4      0x31c build/default/debug/Tennis.o
                0x9d00a2a4                IO_listener
                0x9d00a4fc                IO_interrupt

.text.free      0x9d00a5c0      0x284
 .text.free     0x9d00a5c0      0x284 c:/program files (x86)/microchip/xc32/v1.42/bin/bin/../../lib/gcc/pic32mx/4.8.3/../../../../pic32mx/lib\liblega-c.a(malloc.o)
                0x9d00a5c0                free

.text._sbrk_init
                0x9d00a844      0x194
 .text._sbrk_init
                0x9d00a844      0x194 c:/program files (x86)/microchip/xc32/v1.42/bin/bin/../../lib/gcc/pic32mx/4.8.3/../../../../pic32mx/lib\libpic32.a(sbrk.o)
                0x9d00a844                _sbrk_init

.text           0x9d00a9d8      0x168
 .text          0x9d00a9d8      0x168 c:/program files (x86)/microchip/xc32/v1.42/bin/bin/../../lib/gcc/pic32mx/4.8.3/../../../../pic32mx/lib\libpic32.a(memcpy.o)
                0x9d00a9d8                memcpy

.text.malloc_trim
                0x9d00ab40      0x108
 .text.malloc_trim
                0x9d00ab40      0x108 c:/program files (x86)/microchip/xc32/v1.42/bin/bin/../../lib/gcc/pic32mx/4.8.3/../../../../pic32mx/lib\liblega-c.a(malloc.o)
                0x9d00ab40                malloc_trim

.text.general_exception
                0x9d00ac48       0xdc
 .text.general_exception
                0x9d00ac48       0xdc c:/program files (x86)/microchip/xc32/v1.42/bin/bin/../../lib/gcc/pic32mx/4.8.3/../../../../pic32mx/lib\libpic32.a(general-exception.o)
                0x9d00ac48                _general_exception_context

.text._sbrk     0x9d00ad24       0xc8
 .text._sbrk    0x9d00ad24       0xc8 c:/program files (x86)/microchip/xc32/v1.42/bin/bin/../../lib/gcc/pic32mx/4.8.3/../../../../pic32mx/lib\libpic32.a(sbrk.o)
                0x9d00ad24                _sbrk

.text           0x9d00adec       0xa8
 .text          0x9d00adec       0xa8 c:/program files (x86)/microchip/xc32/v1.42/bin/bin/../../lib/gcc/pic32mx/4.8.3/../../../../pic32mx/lib\libpic32.a(memset.o)
                0x9d00adec                memset

.text.main_entry
                0x9d00ae94       0x54
 .text.main_entry
                0x9d00ae94       0x54 c:/program files (x86)/microchip/xc32/v1.42/bin/bin/../../lib/gcc/pic32mx/4.8.3/../../../../pic32mx/lib/./proc/32MX270F256B/crt0_mips32r2.o
                0x9d00aec8                __crt0_exit

.text.sbrk      0x9d00aee8       0x50
 .text.sbrk     0x9d00aee8       0x50 c:/program files (x86)/microchip/xc32/v1.42/bin/bin/../../lib/gcc/pic32mx/4.8.3/../../../../pic32mx/lib\libpic32.a(sbrk.o)
                0x9d00aee8                sbrk

.text._bootstrap_exception_handler
                0x9d00af38       0x48
 .text._bootstrap_exception_handler
                0x9d00af38       0x48 c:/program files (x86)/microchip/xc32/v1.42/bin/bin/../../lib/gcc/pic32mx/4.8.3/../../../../pic32mx/lib\libpic32.a(default-bootstrap-exception-handler.o)
                0x9d00af38                _bootstrap_exception_handler

.text._general_exception_handler
                0x9d00af80       0x48
 .text._general_exception_handler
                0x9d00af80       0x48 c:/program files (x86)/microchip/xc32/v1.42/bin/bin/../../lib/gcc/pic32mx/4.8.3/../../../../pic32mx/lib\libpic32.a(default-general-exception-handler.o)
                0x9d00af80                _general_exception_handler

.text           0x9d00afc8       0x80
 .text          0x9d00afc8       0x44 c:/program files (x86)/microchip/xc32/v1.42/bin/bin/../../lib/gcc/pic32mx/4.8.3/../../../../pic32mx/lib\pic32_software_reset.o
                0x9d00afc8                __pic32_software_reset
 .text          0x9d00b00c       0x3c build/default/debug/main.o
                0x9d00b00c                main

.rodata         0x9d00b048       0x30
 .rodata        0x9d00b048       0x30 build/default/debug/Tennis.o

.text._stub_sbd_memlayout
                0x9d00b078       0x2c
 .text._stub_sbd_memlayout
                0x9d00b078       0x2c c:/program files (x86)/microchip/xc32/v1.42/bin/bin/../../lib/gcc/pic32mx/4.8.3/../../../../pic32mx/lib\libpic32.a(sbrk.o)
                0x9d00b078                _sbd_memlayout
                0x9d00b078                _stub_sbd_memlayout

.text           0x9d00b0a4       0x18
 .text          0x9d00b0a4       0x18 c:/program files (x86)/microchip/xc32/v1.42/bin/bin/../../lib/gcc/pic32mx/4.8.3/../../../../pic32mx/lib\libpic32.a(default-nmi-handler.o)
                0x9d00b0a4                _nmi_handler

.text.__exception_handler_break
                0x9d00b0bc        0xc
 .text.__exception_handler_break
                0x9d00b0bc        0xc c:/program files (x86)/microchip/xc32/v1.42/bin/bin/../../lib/gcc/pic32mx/4.8.3/../../../../pic32mx/lib\software-debug-break.o
                0x9d00b0bc                __exception_handler_break

.text._on_reset
                0x9d00b0c8        0x8
 .text._on_reset
                0x9d00b0c8        0x8 c:/program files (x86)/microchip/xc32/v1.42/bin/bin/../../lib/gcc/pic32mx/4.8.3/../../../../pic32mx/lib\libpic32.a(default-on-reset.o)
                0x9d00b0c8                _on_reset

.text._on_bootstrap
                0x9d00b0d0        0x8
 .text._on_bootstrap
                0x9d00b0d0        0x8 c:/program files (x86)/microchip/xc32/v1.42/bin/bin/../../lib/gcc/pic32mx/4.8.3/../../../../pic32mx/lib\libpic32.a(default-on-bootstrap.o)
                0x9d00b0d0                _on_bootstrap

.text.getpagesize
                0x9d00b0d8        0x8
 .text.getpagesize
                0x9d00b0d8        0x8 c:/program files (x86)/microchip/xc32/v1.42/bin/bin/../../lib/gcc/pic32mx/4.8.3/../../../../pic32mx/lib\libpic32.a(sbrk.o)
                0x9d00b0d8                getpagesize

.text           0x00000000        0x0
 .text          0x00000000        0x0 c:/program files (x86)/microchip/xc32/v1.42/bin/bin/../../lib/gcc/pic32mx/4.8.3/../../../../pic32mx/lib\libpic32.a(sbrk.o)

.text           0x00000000        0x0
 .text          0x00000000        0x0 c:/program files (x86)/microchip/xc32/v1.42/bin/bin/../../lib/gcc/pic32mx/4.8.3/../../../../pic32mx/lib\liblega-c.a(errno.o)
